Component: ARM Compiler 6.16 Tool: armlink [5dfeaa00]

==============================================================================

Section Cross References

    main.o(.text.main) refers to main.o(.text.init_port_E) for init_port_E
    main.o(.text.main) refers to main.o(.text.init_uart_0) for init_uart_0
    main.o(.text.main) refers to main.o(.text.init_ADC) for init_ADC
    main.o(.text.main) refers to queue.o(.text.xQueueCreateMutex) for xQueueCreateMutex
    main.o(.text.main) refers to main.o(.bss.putty_mutex) for putty_mutex
    main.o(.text.main) refers to main.o(.text.UART_Task) for UART_Task
    main.o(.text.main) refers to main.o(.rodata.str1.1) for .L.str
    main.o(.text.main) refers to tasks.o(.text.xTaskCreate) for xTaskCreate
    main.o(.text.main) refers to main.o(.text.LCD_Task) for LCD_Task
    main.o(.text.main) refers to main.o(.text.controller_Task) for controller_Task
    main.o(.text.main) refers to tasks.o(.text.vTaskStartScheduler) for vTaskStartScheduler
    main.o(.ARM.exidx.text.main) refers to main.o(.text.main) for [Anonymous Symbol]
    main.o(.text.init_port_E) refers to sysctl.o(i.SysCtlPeripheralEnable) for SysCtlPeripheralEnable
    main.o(.text.init_port_E) refers to sysctl.o(i.SysCtlPeripheralReady) for SysCtlPeripheralReady
    main.o(.text.init_port_E) refers to gpio.o(i.GPIOPinTypeGPIOOutput) for GPIOPinTypeGPIOOutput
    main.o(.text.init_port_E) refers to gpio.o(i.GPIOPinTypeADC) for GPIOPinTypeADC
    main.o(.ARM.exidx.text.init_port_E) refers to main.o(.text.init_port_E) for [Anonymous Symbol]
    main.o(.text.init_uart_0) refers to sysctl.o(i.SysCtlPeripheralEnable) for SysCtlPeripheralEnable
    main.o(.text.init_uart_0) refers to sysctl.o(i.SysCtlPeripheralReady) for SysCtlPeripheralReady
    main.o(.text.init_uart_0) refers to gpio.o(i.GPIOPinConfigure) for GPIOPinConfigure
    main.o(.text.init_uart_0) refers to gpio.o(i.GPIOPinTypeUART) for GPIOPinTypeUART
    main.o(.text.init_uart_0) refers to uart.o(i.UARTDisable) for UARTDisable
    main.o(.text.init_uart_0) refers to sysctl.o(i.SysCtlClockGet) for SysCtlClockGet
    main.o(.text.init_uart_0) refers to uart.o(i.UARTConfigSetExpClk) for UARTConfigSetExpClk
    main.o(.text.init_uart_0) refers to uart.o(i.UARTEnable) for UARTEnable
    main.o(.ARM.exidx.text.init_uart_0) refers to main.o(.text.init_uart_0) for [Anonymous Symbol]
    main.o(.text.init_ADC) refers to sysctl.o(i.SysCtlPeripheralEnable) for SysCtlPeripheralEnable
    main.o(.text.init_ADC) refers to sysctl.o(i.SysCtlPeripheralReady) for SysCtlPeripheralReady
    main.o(.text.init_ADC) refers to main.o(.bss.sequence_number) for sequence_number
    main.o(.text.init_ADC) refers to adc.o(i.ADCSequenceDisable) for ADCSequenceDisable
    main.o(.text.init_ADC) refers to adc.o(i.ADCHardwareOversampleConfigure) for ADCHardwareOversampleConfigure
    main.o(.text.init_ADC) refers to adc.o(i.ADCSequenceConfigure) for ADCSequenceConfigure
    main.o(.text.init_ADC) refers to adc.o(i.ADCSequenceStepConfigure) for ADCSequenceStepConfigure
    main.o(.text.init_ADC) refers to adc.o(i.ADCSequenceEnable) for ADCSequenceEnable
    main.o(.ARM.exidx.text.init_ADC) refers to main.o(.text.init_ADC) for [Anonymous Symbol]
    main.o(.text.UART_Task) refers to main.o(.bss.putty_mutex) for putty_mutex
    main.o(.text.UART_Task) refers to queue.o(.text.xQueueSemaphoreTake) for xQueueSemaphoreTake
    main.o(.text.UART_Task) refers to tasks.o(.text.xTaskGetTickCount) for xTaskGetTickCount
    main.o(.text.UART_Task) refers to uart.o(i.UARTFIFOEnable) for UARTFIFOEnable
    main.o(.text.UART_Task) refers to uart.o(i.UARTBusy) for UARTBusy
    main.o(.text.UART_Task) refers to main.o(.rodata.str1.1) for .L.str.2
    main.o(.text.UART_Task) refers to uart.o(i.UARTCharPut) for UARTCharPut
    main.o(.text.UART_Task) refers to uart.o(i.UARTCharsAvail) for UARTCharsAvail
    main.o(.text.UART_Task) refers to uart.o(i.UARTCharGetNonBlocking) for UARTCharGetNonBlocking
    main.o(.text.UART_Task) refers to main.o(.text.is_numeric) for is_numeric
    main.o(.text.UART_Task) refers to main.o(.text.acceptable_range) for acceptable_range
    main.o(.text.UART_Task) refers to main.o(.bss.queue_UART) for queue_UART
    main.o(.text.UART_Task) refers to queue.o(.text.xQueueGenericSend) for xQueueGenericSend
    main.o(.text.UART_Task) refers to uart.o(i.UARTFIFODisable) for UARTFIFODisable
    main.o(.text.UART_Task) refers to tasks.o(.text.vTaskDelay) for vTaskDelay
    main.o(.ARM.exidx.text.UART_Task) refers to main.o(.text.UART_Task) for [Anonymous Symbol]
    main.o(.text.LCD_Task) refers to main.o(.bss.queue_LCD) for queue_LCD
    main.o(.text.LCD_Task) refers to queue.o(.text.xQueueReceive) for xQueueReceive
    main.o(.text.LCD_Task) refers to main.o(.bss.putty_mutex) for putty_mutex
    main.o(.text.LCD_Task) refers to queue.o(.text.xQueueSemaphoreTake) for xQueueSemaphoreTake
[...]
    prvInitialiseNewQueue                    0x00001725   Thumb Code    78  queue.o(.text.prvInitialiseNewQueue)
    [Anonymous Symbol]                       0x00001724   Section        0  queue.o(.text.prvInitialiseNewQueue)
    prvInitialiseNewTask                     0x00001775   Thumb Code   326  tasks.o(.text.prvInitialiseNewTask)
    [Anonymous Symbol]                       0x00001774   Section        0  tasks.o(.text.prvInitialiseNewTask)
    prvInitialiseTaskLists                   0x000018bd   Thumb Code   142  tasks.o(.text.prvInitialiseTaskLists)
    [Anonymous Symbol]                       0x000018bc   Section        0  tasks.o(.text.prvInitialiseTaskLists)
    prvIsQueueEmpty                          0x0000194d   Thumb Code    40  queue.o(.text.prvIsQueueEmpty)
    [Anonymous Symbol]                       0x0000194c   Section        0  queue.o(.text.prvIsQueueEmpty)
    prvIsQueueFull                           0x00001975   Thumb Code    46  queue.o(.text.prvIsQueueFull)
    [Anonymous Symbol]                       0x00001974   Section        0  queue.o(.text.prvIsQueueFull)
    prvNotifyQueueSetContainer               0x000019a5   Thumb Code   216  queue.o(.text.prvNotifyQueueSetContainer)
    [Anonymous Symbol]                       0x000019a4   Section        0  queue.o(.text.prvNotifyQueueSetContainer)
    prvPortStartFirstTask                    0x00001a7d   Thumb Code    40  port.o(.text.prvPortStartFirstTask)
    [Anonymous Symbol]                       0x00001a7c   Section        0  port.o(.text.prvPortStartFirstTask)
    prvResetNextTaskUnblockTime              0x00001aa5   Thumb Code    60  tasks.o(.text.prvResetNextTaskUnblockTime)
    [Anonymous Symbol]                       0x00001aa4   Section        0  tasks.o(.text.prvResetNextTaskUnblockTime)
    prvTaskExitError                         0x00001ae1   Thumb Code    76  port.o(.text.prvTaskExitError)
    [Anonymous Symbol]                       0x00001ae0   Section        0  port.o(.text.prvTaskExitError)
    prvUnlockQueue                           0x00001b2d   Thumb Code   204  queue.o(.text.prvUnlockQueue)
    [Anonymous Symbol]                       0x00001b2c   Section        0  queue.o(.text.prvUnlockQueue)
    [Anonymous Symbol]                       0x00001bf8   Section        0  heap_1.o(.text.pvPortMalloc)
    [Anonymous Symbol]                       0x00001cb8   Section        0  tasks.o(.text.pvTaskIncrementMutexHeldCount)
    [Anonymous Symbol]                       0x00001ce4   Section        0  port.o(.text.pxPortInitialiseStack)
    [Anonymous Symbol]                       0x00001d44   Section        0  main.o(.text.read_ADC)
    [Anonymous Symbol]                       0x00001dac   Section        0  main.o(.text.set_pin_high)
    [Anonymous Symbol]                       0x00001dc8   Section        0  main.o(.text.set_pin_low)
    [Anonymous Symbol]                       0x00001de4   Section        0  main.o(.text.turn_alarm_off)
    [Anonymous Symbol]                       0x00001df0   Section        0  main.o(.text.turn_alarm_on)
    [Anonymous Symbol]                       0x00001dfc   Section        0  main.o(.text.turn_heater_off)
    [Anonymous Symbol]                       0x00001e08   Section        0  main.o(.text.turn_heater_on)
    [Anonymous Symbol]                       0x00001e14   Section        0  list.o(.text.uxListRemove)
    [Anonymous Symbol]                       0x00001e5c   Section        0  list.o(.text.vListInitialise)
    [Anonymous Symbol]                       0x00001e8c   Section        0  list.o(.text.vListInitialiseItem)
    [Anonymous Symbol]                       0x00001e9c   Section        0  list.o(.text.vListInsert)
    vPortEnableVFP                           0x00001f09   Thumb Code    20  port.o(.text.vPortEnableVFP)
    [Anonymous Symbol]                       0x00001f08   Section        0  port.o(.text.vPortEnableVFP)
    [Anonymous Symbol]                       0x00001f1c   Section        0  port.o(.text.vPortEnterCritical)
    [Anonymous Symbol]                       0x00001f74   Section        0  port.o(.text.vPortExitCritical)
    [Anonymous Symbol]                       0x00001fc0   Section        0  heap_1.o(.text.vPortFree)
    [Anonymous Symbol]                       0x00001fe4   Section        0  port.o(.text.vPortSetupTimerInterrupt)
    [Anonymous Symbol]                       0x0000205c   Section        0  port.o(.text.vPortSuppressTicksAndSleep)
    [Anonymous Symbol]                       0x00002268   Section        0  tasks.o(.text.vTaskDelay)
    [Anonymous Symbol]                       0x000022d8   Section        0  tasks.o(.text.vTaskInternalSetTimeOutState)
    [Anonymous Symbol]                       0x000022fc   Section        0  tasks.o(.text.vTaskMissedYield)
    [Anonymous Symbol]                       0x0000230c   Section        0  tasks.o(.text.vTaskPlaceOnEventList)
    [Anonymous Symbol]                       0x00002350   Section        0  tasks.o(.text.vTaskPriorityDisinheritAfterTimeout)
    [Anonymous Symbol]                       0x000024d4   Section        0  tasks.o(.text.vTaskStartScheduler)
    [Anonymous Symbol]                       0x00002580   Section        0  tasks.o(.text.vTaskStepTick)
    [Anonymous Symbol]                       0x000025cc   Section        0  tasks.o(.text.vTaskSuspendAll)
    __tagsym$$used.0                         0x000025dc   Number         0  tasks.o(.text.vTaskSwitchContext)
    [Anonymous Symbol]                       0x000025dc   Section        0  tasks.o(.text.vTaskSwitchContext)
    [Anonymous Symbol]                       0x0000269c   Section        0  port.o(.text.xPortStartScheduler)
    [Anonymous Symbol]                       0x000027f4   Section        0  queue.o(.text.xQueueCreateMutex)
    [Anonymous Symbol]                       0x0000281c   Section        0  queue.o(.text.xQueueGenericCreate)
    [Anonymous Symbol]                       0x000028b8   Section        0  queue.o(.text.xQueueGenericReset)
    [Anonymous Symbol]                       0x000029c0   Section        0  queue.o(.text.xQueueGenericSend)
    [Anonymous Symbol]                       0x00002c34   Section        0  queue.o(.text.xQueueReceive)
    [Anonymous Symbol]                       0x00002e10   Section        0  queue.o(.text.xQueueSemaphoreTake)
    [Anonymous Symbol]                       0x0000303c   Section        0  tasks.o(.text.xTaskCheckForTimeOut)
    [Anonymous Symbol]                       0x00003138   Section        0  tasks.o(.text.xTaskCreate)
    [Anonymous Symbol]                       0x000031d0   Section        0  tasks.o(.text.xTaskGetSchedulerState)
    [Anonymous Symbol]                       0x00003208   Section        0  tasks.o(.text.xTaskGetTickCount)
    [Anonymous Symbol]                       0x0000321c   Section        0  tasks.o(.text.xTaskIncrementTick)
    [Anonymous Symbol]                       0x0000347c   Section        0  tasks.o(.text.xTaskPriorityDisinherit)
    [Anonymous Symbol]                       0x000035b4   Section        0  tasks.o(.text.xTaskPriorityInherit)
    [Anonymous Symbol]                       0x00003710   Section        0  tasks.o(.text.xTaskRemoveFromEventList)
    [Anonymous Symbol]                       0x000038a4   Section        0  tasks.o(.text.xTaskResumeAll)
    i.ADCHardwareOversampleConfigure         0x00003ac6   Section        0  adc.o(i.ADCHardwareOversampleConfigure)
    i.ADCIntClear                            0x00003ad8   Section        0  adc.o(i.ADCIntClear)
    i.ADCIntStatus                           0x00003ae2   Section        0  adc.o(i.ADCIntStatus)
    i.ADCProcessorTrigger                    0x00003b16   Section        0  adc.o(i.ADCProcessorTrigger)
    i.ADCSequenceConfigure                   0x00003b30   Section        0  adc.o(i.ADCSequenceConfigure)
    i.ADCSequenceDataGet                     0x00003b90   Section        0  adc.o(i.ADCSequenceDataGet)
    i.ADCSequenceDisable                     0x00003bb4   Section        0  adc.o(i.ADCSequenceDisable)
    i.ADCSequenceEnable                      0x00003bc4   Section        0  adc.o(i.ADCSequenceEnable)
    i.ADCSequenceStepConfigure               0x00003bd2   Section        0  adc.o(i.ADCSequenceStepConfigure)
    i.GPIODirModeSet                         0x00003c6c   Section        0  gpio.o(i.GPIODirModeSet)
    i.GPIOPadConfigSet                       0x00003c94   Section        0  gpio.o(i.GPIOPadConfigSet)
    i.GPIOPinConfigure                       0x00003e04   Section        0  gpio.o(i.GPIOPinConfigure)
    i.GPIOPinTypeADC                         0x00003e48   Section        0  gpio.o(i.GPIOPinTypeADC)
    i.GPIOPinTypeGPIOOutput                  0x00003e64   Section        0  gpio.o(i.GPIOPinTypeGPIOOutput)
    i.GPIOPinTypeUART                        0x00003e80   Section        0  gpio.o(i.GPIOPinTypeUART)
    i.GPIOPinWrite                           0x00003e9c   Section        0  gpio.o(i.GPIOPinWrite)
    i.SysCtlClockGet                         0x00003ea4   Section        0  sysctl.o(i.SysCtlClockGet)
    i.SysCtlPeripheralEnable                 0x00003ff8   Section        0  sysctl.o(i.SysCtlPeripheralEnable)
    i.SysCtlPeripheralReady                  0x00004020   Section        0  sysctl.o(i.SysCtlPeripheralReady)
    i.UARTBusy                               0x0000404c   Section        0  uart.o(i.UARTBusy)
    i.UARTCharGetNonBlocking                 0x00004054   Section        0  uart.o(i.UARTCharGetNonBlocking)
    i.UARTCharPut                            0x00004064   Section        0  uart.o(i.UARTCharPut)
    i.UARTCharsAvail                         0x00004070   Section        0  uart.o(i.UARTCharsAvail)
    i.UARTConfigSetExpClk                    0x0000407a   Section        0  uart.o(i.UARTConfigSetExpClk)
    i.UARTDisable                            0x000040e8   Section        0  uart.o(i.UARTDisable)
    i.UARTEnable                             0x00004106   Section        0  uart.o(i.UARTEnable)
    i.UARTFIFODisable                        0x0000411a   Section        0  uart.o(i.UARTFIFODisable)
    i.UARTFIFOEnable                         0x00004124   Section        0  uart.o(i.UARTFIFOEnable)
    $v0                                      0x00004130   Number         0  d2f.o(x$fpl$d2f)
    x$fpl$d2f                                0x00004130   Section       98  d2f.o(x$fpl$d2f)
    $v0                                      0x00004194   Number         0  daddsub_clz.o(x$fpl$dadd)
    x$fpl$dadd                               0x00004194   Section      336  daddsub_clz.o(x$fpl$dadd)
    _dadd1                                   0x000041a5   Thumb Code     0  daddsub_clz.o(x$fpl$dadd)
    $v0                                      0x000042e4   Number         0  dcmpi.o(x$fpl$dcmpinf)
    x$fpl$dcmpinf                            0x000042e4   Section       24  dcmpi.o(x$fpl$dcmpinf)
    $v0                                      0x000042fc   Number         0  ddiv.o(x$fpl$ddiv)
    x$fpl$ddiv                               0x000042fc   Section      692  ddiv.o(x$fpl$ddiv)
    ddiv_entry                               0x00004303   Thumb Code     0  ddiv.o(x$fpl$ddiv)
    $v0                                      0x000045b0   Number         0  deqf.o(x$fpl$deqf)
    x$fpl$deqf                               0x000045b0   Section      120  deqf.o(x$fpl$deqf)
    $v0                                      0x00004628   Number         0  dfix.o(x$fpl$dfix)
    x$fpl$dfix                               0x00004628   Section       94  dfix.o(x$fpl$dfix)
    $v0                                      0x00004686   Number         0  dflt_clz.o(x$fpl$dflt)
    x$fpl$dflt                               0x00004686   Section       46  dflt_clz.o(x$fpl$dflt)
    $v0                                      0x000046b4   Number         0  dflt_clz.o(x$fpl$dfltu)
    x$fpl$dfltu                              0x000046b4   Section       38  dflt_clz.o(x$fpl$dfltu)
    $v0                                      0x000046dc   Number         0  dgeqf.o(x$fpl$dgeqf)
    x$fpl$dgeqf                              0x000046dc   Section      120  dgeqf.o(x$fpl$dgeqf)
    $v0                                      0x00004754   Number         0  dleqf.o(x$fpl$dleqf)
    x$fpl$dleqf                              0x00004754   Section      120  dleqf.o(x$fpl$dleqf)
    $v0                                      0x000047cc   Number         0  dmul.o(x$fpl$dmul)
    x$fpl$dmul                               0x000047cc   Section      340  dmul.o(x$fpl$dmul)
    $v0                                      0x00004920   Number         0  dnaninf.o(x$fpl$dnaninf)
    x$fpl$dnaninf                            0x00004920   Section      156  dnaninf.o(x$fpl$dnaninf)
    $v0                                      0x000049bc   Number         0  dretinf.o(x$fpl$dretinf)
    x$fpl$dretinf                            0x000049bc   Section       12  dretinf.o(x$fpl$dretinf)
    $v0                                      0x000049c8   Number         0  daddsub_clz.o(x$fpl$dsub)
    x$fpl$dsub                               0x000049c8   Section      476  daddsub_clz.o(x$fpl$dsub)
    _dsub1                                   0x000049d9   Thumb Code     0  daddsub_clz.o(x$fpl$dsub)
    $v0                                      0x00004ba4   Number         0  dcmp.o(x$fpl$fcmp)
    x$fpl$fcmp                               0x00004ba4   Section       84  dcmp.o(x$fpl$fcmp)
    $v0                                      0x00004bf8   Number         0  fpinit.o(x$fpl$fpinit)
    x$fpl$fpinit                             0x00004bf8   Section       26  fpinit.o(x$fpl$fpinit)
    $v0                                      0x00004c12   Number         0  fretinf.o(x$fpl$fretinf)
    x$fpl$fretinf                            0x00004c12   Section       10  fretinf.o(x$fpl$fretinf)
    g_ppui32GPIOIntMapBlizzard               0x00004c1c   Data         192  gpio.o(.constdata)
    .constdata                               0x00004c1c   Section      552  gpio.o(.constdata)
    x$fpl$usenofp                            0x00004c1c   Section        0  usenofp.o(x$fpl$usenofp)
    g_ppui32GPIOIntMapSnowflake              0x00004cdc   Data         216  gpio.o(.constdata)
    g_pui32GPIOBaseAddrs                     0x00004db4   Data         144  gpio.o(.constdata)
    g_pui32VCOFrequencies                    0x00004e44   Data           8  sysctl.o(.constdata)
    .constdata                               0x00004e44   Section      596  sysctl.o(.constdata)
    g_pui32Xtals                             0x00004e4c   Data         108  sysctl.o(.constdata)
    g_pppui32XTALtoVCO                       0x00004eb8   Data         432  sysctl.o(.constdata)
    g_sXTALtoMEMTIM                          0x00005068   Data          48  sysctl.o(.constdata)
    .L.str.8                                 0x00005098   Data          40  main.o(.rodata.str1.1)
    [Anonymous Symbol]                       0x00005098   Section        0  main.o(.rodata.str1.1)
    .L.str.2                                 0x000050c0   Data          43  main.o(.rodata.str1.1)
    .L.str.7                                 0x000050eb   Data          40  main.o(.rodata.str1.1)
    .L.str.10                                0x00005113   Data          27  main.o(.rodata.str1.1)
    .L.str.9                                 0x0000512e   Data          23  main.o(.rodata.str1.1)
    .L.str.3                                 0x00005145   Data         155  main.o(.rodata.str1.1)
    .L.str                                   0x000051e0   Data          10  main.o(.rodata.str1.1)
    .L.str.1                                 0x000051ea   Data          16  main.o(.rodata.str1.1)
    .L.str.5                                 0x000051fa   Data          32  main.o(.rodata.str1.1)
    .L.str.6                                 0x0000521a   Data          33  main.o(.rodata.str1.1)
    .L.str.4                                 0x0000523a   Data           1  main.o(.rodata.str1.1)
    .L.str                                   0x0000523b   Data           5  tasks.o(.rodata.str1.1)
    [Anonymous Symbol]                       0x0000523b   Section        0  tasks.o(.rodata.str1.1)
    uxCriticalNesting                        0x20000004   Data           4  port.o(.data.uxCriticalNesting)
    [Anonymous Symbol]                       0x20000004   Section        0  port.o(.data.uxCriticalNesting)
    .bss                                     0x20000008   Section       96  libspace.o(.bss)
    pvPortMalloc.pucAlignedHeap              0x2000006c   Data           4  heap_1.o(.bss.pvPortMalloc.pucAlignedHeap)
    [Anonymous Symbol]                       0x2000006c   Section        0  heap_1.o(.bss.pvPortMalloc.pucAlignedHeap)
    pxDelayedTaskList                        0x20000074   Data           4  tasks.o(.bss.pxDelayedTaskList)
    [Anonymous Symbol]                       0x20000074   Section        0  tasks.o(.bss.pxDelayedTaskList)
    pxOverflowDelayedTaskList                0x20000078   Data           4  tasks.o(.bss.pxOverflowDelayedTaskList)
    [Anonymous Symbol]                       0x20000078   Section        0  tasks.o(.bss.pxOverflowDelayedTaskList)
    pxReadyTasksLists                        0x2000007c   Data         100  tasks.o(.bss.pxReadyTasksLists)
    [Anonymous Symbol]                       0x2000007c   Section        0  tasks.o(.bss.pxReadyTasksLists)
    ucHeap                                   0x200000ec   Data        4096  heap_1.o(.bss.ucHeap)
    [Anonymous Symbol]                       0x200000ec   Section        0  heap_1.o(.bss.ucHeap)
    ucMaxSysCallPriority                     0x200010ec   Data           1  port.o(.bss.ucMaxSysCallPriority)
    [Anonymous Symbol]                       0x200010ec   Section        0  port.o(.bss.ucMaxSysCallPriority)
    ulMaxPRIGROUPValue                       0x200010f0   Data           4  port.o(.bss.ulMaxPRIGROUPValue)
    [Anonymous Symbol]                       0x200010f0   Section        0  port.o(.bss.ulMaxPRIGROUPValue)
    ulStoppedTimerCompensation               0x200010f4   Data           4  port.o(.bss.ulStoppedTimerCompensation)
    [Anonymous Symbol]                       0x200010f4   Section        0  port.o(.bss.ulStoppedTimerCompensation)
    ulTimerCountsForOneTick                  0x200010f8   Data           4  port.o(.bss.ulTimerCountsForOneTick)
    [Anonymous Symbol]                       0x200010f8   Section        0  port.o(.bss.ulTimerCountsForOneTick)
    uxCurrentNumberOfTasks                   0x200010fc   Data           4  tasks.o(.bss.uxCurrentNumberOfTasks)
    [Anonymous Symbol]                       0x200010fc   Section        0  tasks.o(.bss.uxCurrentNumberOfTasks)
    uxDeletedTasksWaitingCleanUp             0x20001100   Data           4  tasks.o(.bss.uxDeletedTasksWaitingCleanUp)
    [Anonymous Symbol]                       0x20001100   Section        0  tasks.o(.bss.uxDeletedTasksWaitingCleanUp)
    uxSchedulerSuspended                     0x20001104   Data           4  tasks.o(.bss.uxSchedulerSuspended)
    [Anonymous Symbol]                       0x20001104   Section        0  tasks.o(.bss.uxSchedulerSuspended)
    uxTaskNumber                             0x20001108   Data           4  tasks.o(.bss.uxTaskNumber)
    [Anonymous Symbol]                       0x20001108   Section        0  tasks.o(.bss.uxTaskNumber)
    uxTopReadyPriority                       0x2000110c   Data           4  tasks.o(.bss.uxTopReadyPriority)
    [Anonymous Symbol]                       0x2000110c   Section        0  tasks.o(.bss.uxTopReadyPriority)
    xDelayedTaskList1                        0x20001110   Data          20  tasks.o(.bss.xDelayedTaskList1)
    [Anonymous Symbol]                       0x20001110   Section        0  tasks.o(.bss.xDelayedTaskList1)
    xDelayedTaskList2                        0x20001124   Data          20  tasks.o(.bss.xDelayedTaskList2)
    [Anonymous Symbol]                       0x20001124   Section        0  tasks.o(.bss.xDelayedTaskList2)
    xIdleTaskHandle                          0x20001138   Data           4  tasks.o(.bss.xIdleTaskHandle)
    [Anonymous Symbol]                       0x20001138   Section        0  tasks.o(.bss.xIdleTaskHandle)
    xMaximumPossibleSuppressedTicks          0x2000113c   Data           4  port.o(.bss.xMaximumPossibleSuppressedTicks)
    [Anonymous Symbol]                       0x2000113c   Section        0  port.o(.bss.xMaximumPossibleSuppressedTicks)
    xNextFreeByte                            0x20001140   Data           4  heap_1.o(.bss.xNextFreeByte)
    [Anonymous Symbol]                       0x20001140   Section        0  heap_1.o(.bss.xNextFreeByte)
    xNextTaskUnblockTime                     0x20001144   Data           4  tasks.o(.bss.xNextTaskUnblockTime)
    [Anonymous Symbol]                       0x20001144   Section        0  tasks.o(.bss.xNextTaskUnblockTime)
    xNumOfOverflows                          0x20001148   Data           4  tasks.o(.bss.xNumOfOverflows)
    [Anonymous Symbol]                       0x20001148   Section        0  tasks.o(.bss.xNumOfOverflows)
    xPendedTicks                             0x2000114c   Data           4  tasks.o(.bss.xPendedTicks)
    [Anonymous Symbol]                       0x2000114c   Section        0  tasks.o(.bss.xPendedTicks)
    xPendingReadyList                        0x20001150   Data          20  tasks.o(.bss.xPendingReadyList)
    [Anonymous Symbol]                       0x20001150   Section        0  tasks.o(.bss.xPendingReadyList)
    xSchedulerRunning                        0x20001164   Data           4  tasks.o(.bss.xSchedulerRunning)
    [Anonymous Symbol]                       0x20001164   Section        0  tasks.o(.bss.xSchedulerRunning)
    xSuspendedTaskList                       0x20001168   Data          20  tasks.o(.bss.xSuspendedTaskList)
    [Anonymous Symbol]                       0x20001168   Section        0  tasks.o(.bss.xSuspendedTaskList)
    xTasksWaitingTermination                 0x2000117c   Data          20  tasks.o(.bss.xTasksWaitingTermination)
    [Anonymous Symbol]                       0x2000117c   Section        0  tasks.o(.bss.xTasksWaitingTermination)
    xTickCount                               0x20001190   Data           4  tasks.o(.bss.xTickCount)
    [Anonymous Symbol]                       0x20001190   Section        0  tasks.o(.bss.xTickCount)
    xYieldPending                            0x20001194   Data           4  tasks.o(.bss.xYieldPending)
    [Anonymous Symbol]                       0x20001194   Section        0  tasks.o(.bss.xYieldPending)
    Heap_Mem                                 0x20001198   Data           0  startup_tm4c123.o(HEAP)
    Stack_Mem                                0x20001198   Data         512  startup_tm4c123.o(STACK)
    HEAP                                     0x20001198   Section        0  startup_tm4c123.o(HEAP)
    STACK                                    0x20001198   Section      512  startup_tm4c123.o(STACK)
    __initial_sp                             0x20001398   Data           0  startup_tm4c123.o(STACK)

    Global Symbols

    Symbol Name                              Value     Ov Type        Size  Object(Section)

    BuildAttributes$$THM_ISAv4$E$P$D$K$B$S$7EM$VFPi3$EXTD16$VFPS$VFMA$PE$A:L22UL41UL21$X:L11$S22US41US21$IEEE1$IW$~IW$USESV6$~STKCKD$USESV7$~SHL$OTIME$ROPI$EBA8$UX$STANDARDLIB$REQ8$PRES8$EABIv2 0x00000000   Number         0  anon$$obj.o ABSOLUTE
    __Vectors                                0x00000000   Data           4  startup_tm4c123.o(RESET)
    __ARM_exceptions_init                     - Undefined Weak Reference
    __alloca_initialize                       - Undefined Weak Reference
    __arm_preinit_                            - Undefined Weak Reference
    __cpp_initialize__aeabi_                  - Undefined Weak Reference
    __cxa_finalize                            - Undefined Weak Reference
    __rt_locale                               - Undefined Weak Reference
    __sigvec_lookup                           - Undefined Weak Reference
    _atexit_init                              - Undefined Weak Reference
    _call_atexit_fns                          - Undefined Weak Reference
    _clock_init                               - Undefined Weak Reference
    _fp_trap_init                             - Undefined Weak Reference
    _fp_trap_shutdown                         - Undefined Weak Reference
    _get_lc_collate                           - Undefined Weak Reference
    _get_lc_ctype                             - Undefined Weak Reference
    _get_lc_monetary                          - Undefined Weak Reference
    _get_lc_numeric                           - Undefined Weak Reference
    _get_lc_time                              - Undefined Weak Reference
    _getenv_init                              - Undefined Weak Reference
    _handle_redirection                       - Undefined Weak Reference
    _init_alloc                               - Undefined Weak Reference
    _init_user_alloc                          - Undefined Weak Reference
    _initio                                   - Undefined Weak Reference
    _rand_init                                - Undefined Weak Reference
    _signal_finish                            - Undefined Weak Reference
    _signal_init                              - Undefined Weak Reference
    _terminate_alloc                          - Undefined Weak Reference
    _terminate_user_alloc                     - Undefined Weak Reference
    _terminateio                              - Undefined Weak Reference
    __Vectors_End                            0x0000026c   Data           0  startup_tm4c123.o(RESET)
    __Vectors_Size                           0x0000026c   Number         0  startup_tm4c123.o ABSOLUTE
    __main                                   0x0000026d   Thumb Code     8  __main.o(!!!main)
    __scatterload                            0x00000275   Thumb Code     0  __scatter.o(!!!scatter)
    __scatterload_rt2                        0x00000275   Thumb Code    44  __scatter.o(!!!scatter)
    __scatterload_rt2_thumb_only             0x00000275   Thumb Code     0  __scatter.o(!!!scatter)
    __scatterload_null                       0x00000283   Thumb Code     0  __scatter.o(!!!scatter)
    __scatterload_copy                       0x000002a9   Thumb Code    26  __scatter_copy.o(!!handler_copy)
    __scatterload_zeroinit                   0x000002c5   Thumb Code    28  __scatter_zi.o(!!handler_zi)
    __rt_lib_init                            0x000002e1   Thumb Code     0  libinit.o(.ARM.Collect$$libinit$$00000000)
    __rt_lib_init_fp_1                       0x000002e3   Thumb Code     0  libinit2.o(.ARM.Collect$$libinit$$00000001)
    __rt_lib_init_alloca_1                   0x000002e7   Thumb Code     0  libinit2.o(.ARM.Collect$$libinit$$0000002E)
    __rt_lib_init_argv_1                     0x000002e7   Thumb Code     0  libinit2.o(.ARM.Collect$$libinit$$0000002C)
    __rt_lib_init_atexit_1                   0x000002e7   Thumb Code     0  libinit2.o(.ARM.Collect$$libinit$$0000001B)
    __rt_lib_init_clock_1                    0x000002e7   Thumb Code     0  libinit2.o(.ARM.Collect$$libinit$$00000021)
    __rt_lib_init_cpp_1                      0x000002e7   Thumb Code     0  libinit2.o(.ARM.Collect$$libinit$$00000032)
    __rt_lib_init_exceptions_1               0x000002e7   Thumb Code     0  libinit2.o(.ARM.Collect$$libinit$$00000030)
    __rt_lib_init_fp_trap_1                  0x000002e7   Thumb Code     0  libinit2.o(.ARM.Collect$$libinit$$0000001F)
    __rt_lib_init_getenv_1                   0x000002e7   Thumb Code     0  libinit2.o(.ARM.Collect$$libinit$$00000023)
    __rt_lib_init_heap_1                     0x000002e7   Thumb Code     0  libinit2.o(.ARM.Collect$$libinit$$0000000A)
    __rt_lib_init_lc_collate_1               0x000002e7   Thumb Code     0  libinit2.o(.ARM.Collect$$libinit$$00000011)
    __rt_lib_init_lc_ctype_1                 0x000002e7   Thumb Code     0  libinit2.o(.ARM.Collect$$libinit$$00000013)
    __rt_lib_init_lc_monetary_1              0x000002e7   Thumb Code     0  libinit2.o(.ARM.Collect$$libinit$$00000015)
    __rt_lib_init_lc_numeric_1               0x000002e7   Thumb Code     0  libinit2.o(.ARM.Collect$$libinit$$00000017)
    __rt_lib_init_lc_time_1                  0x000002e7   Thumb Code     0  libinit2.o(.ARM.Collect$$libinit$$00000019)
    __rt_lib_init_preinit_1                  0x000002e7   Thumb Code     0  libinit2.o(.ARM.Collect$$libinit$$00000004)
    __rt_lib_init_rand_1                     0x000002e7   Thumb Code     0  libinit2.o(.ARM.Collect$$libinit$$0000000E)
    __rt_lib_init_return                     0x000002e7   Thumb Code     0  libinit2.o(.ARM.Collect$$libinit$$00000033)
    __rt_lib_init_signal_1                   0x000002e7   Thumb Code     0  libinit2.o(.ARM.Collect$$libinit$$0000001D)
    __rt_lib_init_stdio_1                    0x000002e7   Thumb Code     0  libinit2.o(.ARM.Collect$$libinit$$00000025)
    __rt_lib_init_user_alloc_1               0x000002e7   Thumb Code     0  libinit2.o(.ARM.Collect$$libinit$$0000000C)
    __rt_lib_shutdown                        0x000002e9   Thumb Code     0  libshutdown.o(.ARM.Collect$$libshutdown$$00000000)
    __rt_lib_shutdown_cpp_1                  0x000002eb   Thumb Code     0  libshutdown2.o(.ARM.Collect$$libshutdown$$00000002)
    __rt_lib_shutdown_fp_trap_1              0x000002eb   Thumb Code     0  libshutdown2.o(.ARM.Collect$$libshutdown$$00000007)
    __rt_lib_shutdown_heap_1                 0x000002eb   Thumb Code     0  libshutdown2.o(.ARM.Collect$$libshutdown$$0000000F)
    __rt_lib_shutdown_return                 0x000002eb   Thumb Code     0  libshutdown2.o(.ARM.Collect$$libshutdown$$00000010)
    __rt_lib_shutdown_signal_1               0x000002eb   Thumb Code     0  libshutdown2.o(.ARM.Collect$$libshutdown$$0000000A)
    __rt_lib_shutdown_stdio_1                0x000002eb   Thumb Code     0  libshutdown2.o(.ARM.Collect$$libshutdown$$00000004)
    __rt_lib_shutdown_user_alloc_1           0x000002eb   Thumb Code     0  libshutdown2.o(.ARM.Collect$$libshutdown$$0000000C)
    __rt_entry                               0x000002ed   Thumb Code     0  __rtentry.o(.ARM.Collect$$rtentry$$00000000)
    __rt_entry_presh_1                       0x000002ed   Thumb Code     0  __rtentry2.o(.ARM.Collect$$rtentry$$00000002)
    __rt_entry_sh                            0x000002ed   Thumb Code     0  __rtentry4.o(.ARM.Collect$$rtentry$$00000004)
    __rt_entry_li                            0x000002f3   Thumb Code     0  __rtentry2.o(.ARM.Collect$$rtentry$$0000000A)
    __rt_entry_postsh_1                      0x000002f3   Thumb Code     0  __rtentry2.o(.ARM.Collect$$rtentry$$00000009)
    __rt_entry_main                          0x000002f7   Thumb Code     0  __rtentry2.o(.ARM.Collect$$rtentry$$0000000D)
    __rt_entry_postli_1                      0x000002f7   Thumb Code     0  __rtentry2.o(.ARM.Collect$$rtentry$$0000000C)
    __rt_exit                                0x000002ff   Thumb Code     0  rtexit.o(.ARM.Collect$$rtexit$$00000000)
    __rt_exit_ls                             0x00000301   Thumb Code     0  rtexit2.o(.ARM.Collect$$rtexit$$00000003)
    __rt_exit_prels_1                        0x00000301   Thumb Code     0  rtexit2.o(.ARM.Collect$$rtexit$$00000002)
    __rt_exit_exit                           0x00000305   Thumb Code     0  rtexit2.o(.ARM.Collect$$rtexit$$00000004)
    Reset_Handler                            0x0000030d   Thumb Code     8  startup_tm4c123.o(.text)
    NMI_Handler                              0x00000315   Thumb Code     2  startup_tm4c123.o(.text)
    HardFault_Handler                        0x00000317   Thumb Code     2  startup_tm4c123.o(.text)
    MemManage_Handler                        0x00000319   Thumb Code     2  startup_tm4c123.o(.text)
    BusFault_Handler                         0x0000031b   Thumb Code     2  startup_tm4c123.o(.text)
    UsageFault_Handler                       0x0000031d   Thumb Code     2  startup_tm4c123.o(.text)
    DebugMon_Handler                         0x00000321   Thumb Code     2  startup_tm4c123.o(.text)
    GPIOA_Handler                            0x00000327   Thumb Code     2  startup_tm4c123.o(.text)
    GPIOB_Handler                            0x00000329   Thumb Code     2  startup_tm4c123.o(.text)
    GPIOC_Handler                            0x0000032b   Thumb Code     2  startup_tm4c123.o(.text)
    GPIOD_Handler                            0x0000032d   Thumb Code     2  startup_tm4c123.o(.text)
    GPIOE_Handler                            0x0000032f   Thumb Code     2  startup_tm4c123.o(.text)
    UART0_Handler                            0x00000331   Thumb Code     2  startup_tm4c123.o(.text)
    UART1_Handler                            0x00000333   Thumb Code     2  startup_tm4c123.o(.text)
    SSI0_Handler                             0x00000335   Thumb Code     2  startup_tm4c123.o(.text)
    I2C0_Handler                             0x00000337   Thumb Code     2  startup_tm4c123.o(.text)
    PMW0_FAULT_Handler                       0x00000339   Thumb Code     2  startup_tm4c123.o(.text)
    PWM0_0_Handler                           0x0000033b   Thumb Code     2  startup_tm4c123.o(.text)
    PWM0_1_Handler                           0x0000033d   Thumb Code     2  startup_tm4c123.o(.text)
    PWM0_2_Handler                           0x0000033f   Thumb Code     2  startup_tm4c123.o(.text)
    QEI0_Handler                             0x00000341   Thumb Code     2  startup_tm4c123.o(.text)
    ADC0SS0_Handler                          0x00000343   Thumb Code     2  startup_tm4c123.o(.text)
    ADC0SS1_Handler                          0x00000345   Thumb Code     2  startup_tm4c123.o(.text)
    ADC0SS2_Handler                          0x00000347   Thumb Code     2  startup_tm4c123.o(.text)
    ADC0SS3_Handler                          0x00000349   Thumb Code     2  startup_tm4c123.o(.text)
    WDT0_Handler                             0x0000034b   Thumb Code     2  startup_tm4c123.o(.text)
    TIMER0A_Handler                          0x0000034d   Thumb Code     2  startup_tm4c123.o(.text)
    TIMER0B_Handler                          0x0000034f   Thumb Code     2  startup_tm4c123.o(.text)
    TIMER1A_Handler                          0x00000351   Thumb Code     2  startup_tm4c123.o(.text)
    TIMER1B_Handler                          0x00000353   Thumb Code     2  startup_tm4c123.o(.text)
    TIMER2A_Handler                          0x00000355   Thumb Code     2  startup_tm4c123.o(.text)
    TIMER2B_Handler                          0x00000357   Thumb Code     2  startup_tm4c123.o(.text)
    COMP0_Handler                            0x00000359   Thumb Code     2  startup_tm4c123.o(.text)
    COMP1_Handler                            0x0000035b   Thumb Code     2  startup_tm4c123.o(.text)
    COMP2_Handler                            0x0000035d   Thumb Code     2  startup_tm4c123.o(.text)
    SYSCTL_Handler                           0x0000035f   Thumb Code     2  startup_tm4c123.o(.text)
    FLASH_Handler                            0x00000361   Thumb Code     2  startup_tm4c123.o(.text)
    GPIOF_Handler                            0x00000363   Thumb Code     2  startup_tm4c123.o(.text)
    GPIOG_Handler                            0x00000365   Thumb Code     2  startup_tm4c123.o(.text)
    GPIOH_Handler                            0x00000367   Thumb Code     2  startup_tm4c123.o(.text)
    UART2_Handler                            0x00000369   Thumb Code     2  startup_tm4c123.o(.text)
    SSI1_Handler                             0x0000036b   Thumb Code     2  startup_tm4c123.o(.text)
    TIMER3A_Handler                          0x0000036d   Thumb Code     2  startup_tm4c123.o(.text)
    TIMER3B_Handler                          0x0000036f   Thumb Code     2  startup_tm4c123.o(.text)
    I2C1_Handler                             0x00000371   Thumb Code     2  startup_tm4c123.o(.text)
    QEI1_Handler                             0x00000373   Thumb Code     2  startup_tm4c123.o(.text)
    CAN0_Handler                             0x00000375   Thumb Code     2  startup_tm4c123.o(.text)
    CAN1_Handler                             0x00000377   Thumb Code     2  startup_tm4c123.o(.text)
    CAN2_Handler                             0x00000379   Thumb Code     2  startup_tm4c123.o(.text)
    HIB_Handler                              0x0000037b   Thumb Code     2  startup_tm4c123.o(.text)
    USB0_Handler                             0x0000037d   Thumb Code     2  startup_tm4c123.o(.text)
    PWM0_3_Handler                           0x0000037f   Thumb Code     2  startup_tm4c123.o(.text)
    UDMA_Handler                             0x00000381   Thumb Code     2  startup_tm4c123.o(.text)
    UDMAERR_Handler                          0x00000383   Thumb Code     2  startup_tm4c123.o(.text)
    ADC1SS0_Handler                          0x00000385   Thumb Code     2  startup_tm4c123.o(.text)
    ADC1SS1_Handler                          0x00000387   Thumb Code     2  startup_tm4c123.o(.text)
    ADC1SS2_Handler                          0x00000389   Thumb Code     2  startup_tm4c123.o(.text)
    ADC1SS3_Handler                          0x0000038b   Thumb Code     2  startup_tm4c123.o(.text)
    GPIOJ_Handler                            0x0000038d   Thumb Code     2  startup_tm4c123.o(.text)
    GPIOK_Handler                            0x0000038f   Thumb Code     2  startup_tm4c123.o(.text)
    GPIOL_Handler                            0x00000391   Thumb Code     2  startup_tm4c123.o(.text)
    SSI2_Handler                             0x00000393   Thumb Code     2  startup_tm4c123.o(.text)
    SSI3_Handler                             0x00000395   Thumb Code     2  startup_tm4c123.o(.text)
    UART3_Handler                            0x00000397   Thumb Code     2  startup_tm4c123.o(.text)
    UART4_Handler                            0x00000399   Thumb Code     2  startup_tm4c123.o(.text)
    UART5_Handler                            0x0000039b   Thumb Code     2  startup_tm4c123.o(.text)
    UART6_Handler                            0x0000039d   Thumb Code     2  startup_tm4c123.o(.text)
    UART7_Handler                            0x0000039f   Thumb Code     2  startup_tm4c123.o(.text)
    I2C2_Handler                             0x000003a1   Thumb Code     2  startup_tm4c123.o(.text)
    I2C3_Handler                             0x000003a3   Thumb Code     2  startup_tm4c123.o(.text)
    TIMER4A_Handler                          0x000003a5   Thumb Code     2  startup_tm4c123.o(.text)
    TIMER4B_Handler                          0x000003a7   Thumb Code     2  startup_tm4c123.o(.text)
    TIMER5A_Handler                          0x000003a9   Thumb Code     2  startup_tm4c123.o(.text)
    TIMER5B_Handler                          0x000003ab   Thumb Code     2  startup_tm4c123.o(.text)
    WTIMER0A_Handler                         0x000003ad   Thumb Code     2  startup_tm4c123.o(.text)
    WTIMER0B_Handler                         0x000003af   Thumb Code     2  startup_tm4c123.o(.text)
    WTIMER1A_Handler                         0x000003b1   Thumb Code     2  startup_tm4c123.o(.text)
    WTIMER1B_Handler                         0x000003b3   Thumb Code     2  startup_tm4c123.o(.text)
    WTIMER2A_Handler                         0x000003b5   Thumb Code     2  startup_tm4c123.o(.text)
    WTIMER2B_Handler                         0x000003b7   Thumb Code     2  startup_tm4c123.o(.text)
    WTIMER3A_Handler                         0x000003b9   Thumb Code     2  startup_tm4c123.o(.text)
    WTIMER3B_Handler                         0x000003bb   Thumb Code     2  startup_tm4c123.o(.text)
    WTIMER4A_Handler                         0x000003bd   Thumb Code     2  startup_tm4c123.o(.text)
    WTIMER4B_Handler                         0x000003bf   Thumb Code     2  startup_tm4c123.o(.text)
    WTIMER5A_Handler                         0x000003c1   Thumb Code     2  startup_tm4c123.o(.text)
    WTIMER5B_Handler                         0x000003c3   Thumb Code     2  startup_tm4c123.o(.text)
    FPU_Handler                              0x000003c5   Thumb Code     2  startup_tm4c123.o(.text)
    I2C4_Handler                             0x000003c7   Thumb Code     2  startup_tm4c123.o(.text)
    I2C5_Handler                             0x000003c9   Thumb Code     2  startup_tm4c123.o(.text)
    GPIOM_Handler                            0x000003cb   Thumb Code     2  startup_tm4c123.o(.text)
    GPION_Handler                            0x000003cd   Thumb Code     2  startup_tm4c123.o(.text)
    QEI2_Handler                             0x000003cf   Thumb Code     2  startup_tm4c123.o(.text)
    GPIOP0_Handler                           0x000003d1   Thumb Code     2  startup_tm4c123.o(.text)
    GPIOP1_Handler                           0x000003d3   Thumb Code     2  startup_tm4c123.o(.text)
    GPIOP2_Handler                           0x000003d5   Thumb Code     2  startup_tm4c123.o(.text)
    GPIOP3_Handler                           0x000003d7   Thumb Code     2  startup_tm4c123.o(.text)
    GPIOP4_Handler                           0x000003d9   Thumb Code     2  startup_tm4c123.o(.text)
    GPIOP5_Handler                           0x000003db   Thumb Code     2  startup_tm4c123.o(.text)
    GPIOP6_Handler                           0x000003dd   Thumb Code     2  startup_tm4c123.o(.text)
    GPIOP7_Handler                           0x000003df   Thumb Code     2  startup_tm4c123.o(.text)
    GPIOQ0_Handler                           0x000003e1   Thumb Code     2  startup_tm4c123.o(.text)
    GPIOQ1_Handler                           0x000003e3   Thumb Code     2  startup_tm4c123.o(.text)
    GPIOQ2_Handler                           0x000003e5   Thumb Code     2  startup_tm4c123.o(.text)
    GPIOQ3_Handler                           0x000003e7   Thumb Code     2  startup_tm4c123.o(.text)
    GPIOQ4_Handler                           0x000003e9   Thumb Code     2  startup_tm4c123.o(.text)
    GPIOQ5_Handler                           0x000003eb   Thumb Code     2  startup_tm4c123.o(.text)
    GPIOQ6_Handler                           0x000003ed   Thumb Code     2  startup_tm4c123.o(.text)
    GPIOQ7_Handler                           0x000003ef   Thumb Code     2  startup_tm4c123.o(.text)
    GPIOR_Handler                            0x000003f1   Thumb Code     2  startup_tm4c123.o(.text)
    GPIOS_Handler                            0x000003f3   Thumb Code     2  startup_tm4c123.o(.text)
    PMW1_0_Handler                           0x000003f5   Thumb Code     2  startup_tm4c123.o(.text)
    PWM1_1_Handler                           0x000003f7   Thumb Code     2  startup_tm4c123.o(.text)
    PWM1_2_Handler                           0x000003f9   Thumb Code     2  startup_tm4c123.o(.text)
    PWM1_3_Handler                           0x000003fb   Thumb Code     2  startup_tm4c123.o(.text)
    PWM1_FAULT_Handler                       0x000003fd   Thumb Code     2  startup_tm4c123.o(.text)
    __user_initial_stackheap                 0x00000401   Thumb Code     0  startup_tm4c123.o(.text)
    __aeabi_memcpy                           0x00000421   Thumb Code     0  rt_memcpy_v6.o(.text)
    __rt_memcpy                              0x00000421   Thumb Code   138  rt_memcpy_v6.o(.text)
    _memcpy_lastbytes                        0x00000487   Thumb Code     0  rt_memcpy_v6.o(.text)
    __aeabi_memset4                          0x000004ab   Thumb Code    16  aeabi_memset4.o(.text)
    __aeabi_memset8                          0x000004ab   Thumb Code     0  aeabi_memset4.o(.text)
    __use_two_region_memory                  0x000004bb   Thumb Code     2  heapauxi.o(.text)
    __rt_heap_escrow$2region                 0x000004bd   Thumb Code     2  heapauxi.o(.text)
    __rt_heap_expand$2region                 0x000004bf   Thumb Code     2  heapauxi.o(.text)
    __aeabi_memcpy4                          0x000004c1   Thumb Code     0  rt_memcpy_w.o(.text)
    __aeabi_memcpy8                          0x000004c1   Thumb Code     0  rt_memcpy_w.o(.text)
    __rt_memcpy_w                            0x000004c1   Thumb Code   100  rt_memcpy_w.o(.text)
    _memcpy_lastbytes_aligned                0x00000509   Thumb Code     0  rt_memcpy_w.o(.text)
    __aeabi_memclr4                          0x00000525   Thumb Code     0  rt_memclr_w.o(.text)
    __aeabi_memclr8                          0x00000525   Thumb Code     0  rt_memclr_w.o(.text)
    __rt_memclr_w                            0x00000525   Thumb Code     0  rt_memclr_w.o(.text)
    _memset_w                                0x00000529   Thumb Code    74  rt_memclr_w.o(.text)
    __user_setup_stackheap                   0x00000573   Thumb Code    74  sys_stackheap_outer.o(.text)
    exit                                     0x000005bd   Thumb Code    18  exit.o(.text)
    __user_libspace                          0x000005d1   Thumb Code     8  libspace.o(.text)
    __user_perproc_libspace                  0x000005d1   Thumb Code     0  libspace.o(.text)
    __user_perthread_libspace                0x000005d1   Thumb Code     0  libspace.o(.text)
    _sys_exit                                0x000005d9   Thumb Code     8  sys_exit.o(.text)
    __I$use$semihosting                      0x000005e5   Thumb Code     0  use_no_semi.o(.text)
    __use_no_semihosting_swi                 0x000005e5   Thumb Code     2  use_no_semi.o(.text)
    __semihosting_library_function           0x000005e7   Thumb Code     0  indicate_semi.o(.text)
    LCD_Task                                 0x000005e9   Thumb Code   358  main.o(.text.LCD_Task)
    PendSV_Handler                           0x00000751   Thumb Code   100  port.o(.text.PendSV_Handler)
    SVC_Handler                              0x000007c1   Thumb Code    36  port.o(.text.SVC_Handler)
    SysTick_Handler                          0x000007e5   Thumb Code    60  port.o(.text.SysTick_Handler)
    SystemInit                               0x00000821   Thumb Code   268  system_tm4c123.o(.text.SystemInit)
    UART_Task                                0x0000092d   Thumb Code   564  main.o(.text.UART_Task)
    acceptable_range                         0x00000b61   Thumb Code    46  main.o(.text.acceptable_range)
    controller_Task                          0x00000b91   Thumb Code   656  main.o(.text.controller_Task)
    double_to_char_array                     0x00000e21   Thumb Code   262  main.o(.text.double_to_char_array)
    eTaskConfirmSleepModeStatus              0x00000f29   Thumb Code   128  tasks.o(.text.eTaskConfirmSleepModeStatus)
    init_ADC                                 0x00000fa9   Thumb Code   114  main.o(.text.init_ADC)
    init_port_E                              0x0000101d   Thumb Code    64  main.o(.text.init_port_E)
    init_uart_0                              0x0000105d   Thumb Code   146  main.o(.text.init_uart_0)
    is_numeric                               0x000010f1   Thumb Code    50  main.o(.text.is_numeric)
    main                                     0x00001125   Thumb Code   150  main.o(.text.main)
    pvPortMalloc                             0x00001bf9   Thumb Code   192  heap_1.o(.text.pvPortMalloc)
    pvTaskIncrementMutexHeldCount            0x00001cb9   Thumb Code    44  tasks.o(.text.pvTaskIncrementMutexHeldCount)
    pxPortInitialiseStack                    0x00001ce5   Thumb Code    94  port.o(.text.pxPortInitialiseStack)
    read_ADC                                 0x00001d45   Thumb Code   102  main.o(.text.read_ADC)
    set_pin_high                             0x00001dad   Thumb Code    28  main.o(.text.set_pin_high)
    set_pin_low                              0x00001dc9   Thumb Code    28  main.o(.text.set_pin_low)
    turn_alarm_off                           0x00001de5   Thumb Code    12  main.o(.text.turn_alarm_off)
    turn_alarm_on                            0x00001df1   Thumb Code    12  main.o(.text.turn_alarm_on)
    turn_heater_off                          0x00001dfd   Thumb Code    12  main.o(.text.turn_heater_off)
    turn_heater_on                           0x00001e09   Thumb Code    12  main.o(.text.turn_heater_on)
    uxListRemove                             0x00001e15   Thumb Code    72  list.o(.text.uxListRemove)
    vListInitialise                          0x00001e5d   Thumb Code    46  list.o(.text.vListInitialise)
    vListInitialiseItem                      0x00001e8d   Thumb Code    14  list.o(.text.vListInitialiseItem)
    vListInsert                              0x00001e9d   Thumb Code   106  list.o(.text.vListInsert)
    vPortEnterCritical                       0x00001f1d   Thumb Code    86  port.o(.text.vPortEnterCritical)
    vPortExitCritical                        0x00001f75   Thumb Code    74  port.o(.text.vPortExitCritical)
    vPortFree                                0x00001fc1   Thumb Code    36  heap_1.o(.text.vPortFree)
    vPortSetupTimerInterrupt                 0x00001fe5   Thumb Code   120  port.o(.text.vPortSetupTimerInterrupt)
    vPortSuppressTicksAndSleep               0x0000205d   Thumb Code   524  port.o(.text.vPortSuppressTicksAndSleep)
    vTaskDelay                               0x00002269   Thumb Code   110  tasks.o(.text.vTaskDelay)
    vTaskInternalSetTimeOutState             0x000022d9   Thumb Code    36  tasks.o(.text.vTaskInternalSetTimeOutState)
    vTaskMissedYield                         0x000022fd   Thumb Code    14  tasks.o(.text.vTaskMissedYield)
    vTaskPlaceOnEventList                    0x0000230d   Thumb Code    66  tasks.o(.text.vTaskPlaceOnEventList)
    vTaskPriorityDisinheritAfterTimeout      0x00002351   Thumb Code   386  tasks.o(.text.vTaskPriorityDisinheritAfterTimeout)
    vTaskStartScheduler                      0x000024d5   Thumb Code   170  tasks.o(.text.vTaskStartScheduler)
    vTaskStepTick                            0x00002581   Thumb Code    76  tasks.o(.text.vTaskStepTick)
    vTaskSuspendAll                          0x000025cd   Thumb Code    16  tasks.o(.text.vTaskSuspendAll)
    vTaskSwitchContext                       0x000025dd   Thumb Code   190  tasks.o(.text.vTaskSwitchContext)
    xPortStartScheduler                      0x0000269d   Thumb Code   342  port.o(.text.xPortStartScheduler)
    xQueueCreateMutex                        0x000027f5   Thumb Code    38  queue.o(.text.xQueueCreateMutex)
    xQueueGenericCreate                      0x0000281d   Thumb Code   154  queue.o(.text.xQueueGenericCreate)
    xQueueGenericReset                       0x000028b9   Thumb Code   264  queue.o(.text.xQueueGenericReset)
    xQueueGenericSend                        0x000029c1   Thumb Code   628  queue.o(.text.xQueueGenericSend)
    xQueueReceive                            0x00002c35   Thumb Code   476  queue.o(.text.xQueueReceive)
    xQueueSemaphoreTake                      0x00002e11   Thumb Code   556  queue.o(.text.xQueueSemaphoreTake)
    xTaskCheckForTimeOut                     0x0000303d   Thumb Code   252  tasks.o(.text.xTaskCheckForTimeOut)
    xTaskCreate                              0x00003139   Thumb Code   152  tasks.o(.text.xTaskCreate)
    xTaskGetSchedulerState                   0x000031d1   Thumb Code    56  tasks.o(.text.xTaskGetSchedulerState)
    xTaskGetTickCount                        0x00003209   Thumb Code    20  tasks.o(.text.xTaskGetTickCount)
    xTaskIncrementTick                       0x0000321d   Thumb Code   608  tasks.o(.text.xTaskIncrementTick)
    xTaskPriorityDisinherit                  0x0000347d   Thumb Code   312  tasks.o(.text.xTaskPriorityDisinherit)
    xTaskPriorityInherit                     0x000035b5   Thumb Code   348  tasks.o(.text.xTaskPriorityInherit)
    xTaskRemoveFromEventList                 0x00003711   Thumb Code   402  tasks.o(.text.xTaskRemoveFromEventList)
    xTaskResumeAll                           0x000038a5   Thumb Code   546  tasks.o(.text.xTaskResumeAll)
    ADCHardwareOversampleConfigure           0x00003ac7   Thumb Code    18  adc.o(i.ADCHardwareOversampleConfigure)
    ADCIntClear                              0x00003ad9   Thumb Code    10  adc.o(i.ADCIntClear)
    ADCIntStatus                             0x00003ae3   Thumb Code    52  adc.o(i.ADCIntStatus)
    ADCProcessorTrigger                      0x00003b17   Thumb Code    26  adc.o(i.ADCProcessorTrigger)
    ADCSequenceConfigure                     0x00003b31   Thumb Code    96  adc.o(i.ADCSequenceConfigure)
    ADCSequenceDataGet                       0x00003b91   Thumb Code    36  adc.o(i.ADCSequenceDataGet)
    ADCSequenceDisable                       0x00003bb5   Thumb Code    16  adc.o(i.ADCSequenceDisable)
    ADCSequenceEnable                        0x00003bc5   Thumb Code    14  adc.o(i.ADCSequenceEnable)
    ADCSequenceStepConfigure                 0x00003bd3   Thumb Code   154  adc.o(i.ADCSequenceStepConfigure)
    GPIODirModeSet                           0x00003c6d   Thumb Code    40  gpio.o(i.GPIODirModeSet)
    GPIOPadConfigSet                         0x00003c95   Thumb Code   354  gpio.o(i.GPIOPadConfigSet)
    GPIOPinConfigure                         0x00003e05   Thumb Code    60  gpio.o(i.GPIOPinConfigure)
    GPIOPinTypeADC                           0x00003e49   Thumb Code    28  gpio.o(i.GPIOPinTypeADC)
    GPIOPinTypeGPIOOutput                    0x00003e65   Thumb Code    28  gpio.o(i.GPIOPinTypeGPIOOutput)
    GPIOPinTypeUART                          0x00003e81   Thumb Code    28  gpio.o(i.GPIOPinTypeUART)
    GPIOPinWrite                             0x00003e9d   Thumb Code     6  gpio.o(i.GPIOPinWrite)
    SysCtlClockGet                           0x00003ea5   Thumb Code   304  sysctl.o(i.SysCtlClockGet)
    SysCtlPeripheralEnable                   0x00003ff9   Thumb Code    36  sysctl.o(i.SysCtlPeripheralEnable)
    SysCtlPeripheralReady                    0x00004021   Thumb Code    40  sysctl.o(i.SysCtlPeripheralReady)
    UARTBusy                                 0x0000404d   Thumb Code     8  uart.o(i.UARTBusy)
    UARTCharGetNonBlocking                   0x00004055   Thumb Code    16  uart.o(i.UARTCharGetNonBlocking)
    UARTCharPut                              0x00004065   Thumb Code    12  uart.o(i.UARTCharPut)
    UARTCharsAvail                           0x00004071   Thumb Code    10  uart.o(i.UARTCharsAvail)
    UARTConfigSetExpClk                      0x0000407b   Thumb Code   110  uart.o(i.UARTConfigSetExpClk)
    UARTDisable                              0x000040e9   Thumb Code    30  uart.o(i.UARTDisable)
    UARTEnable                               0x00004107   Thumb Code    20  uart.o(i.UARTEnable)
    UARTFIFODisable                          0x0000411b   Thumb Code    10  uart.o(i.UARTFIFODisable)
    UARTFIFOEnable                           0x00004125   Thumb Code    10  uart.o(i.UARTFIFOEnable)
    __aeabi_d2f                              0x00004131   Thumb Code     0  d2f.o(x$fpl$d2f)
    _d2f                                     0x00004131   Thumb Code    98  d2f.o(x$fpl$d2f)
    __aeabi_dadd                             0x00004195   Thumb Code     0  daddsub_clz.o(x$fpl$dadd)
    _dadd                                    0x00004195   Thumb Code   332  daddsub_clz.o(x$fpl$dadd)
    __fpl_dcmp_Inf                           0x000042e5   Thumb Code    24  dcmpi.o(x$fpl$dcmpinf)
    __aeabi_ddiv                             0x000042fd   Thumb Code     0  ddiv.o(x$fpl$ddiv)
    _ddiv                                    0x000042fd   Thumb Code   556  ddiv.o(x$fpl$ddiv)
    __aeabi_cdcmpeq                          0x000045b1   Thumb Code     0  deqf.o(x$fpl$deqf)
    _dcmpeq                                  0x000045b1   Thumb Code   120  deqf.o(x$fpl$deqf)
    __aeabi_d2iz                             0x00004629   Thumb Code     0  dfix.o(x$fpl$dfix)
    _dfix                                    0x00004629   Thumb Code    94  dfix.o(x$fpl$dfix)
    __aeabi_i2d                              0x00004687   Thumb Code     0  dflt_clz.o(x$fpl$dflt)
    _dflt                                    0x00004687   Thumb Code    46  dflt_clz.o(x$fpl$dflt)
    __aeabi_ui2d                             0x000046b5   Thumb Code     0  dflt_clz.o(x$fpl$dfltu)
    _dfltu                                   0x000046b5   Thumb Code    38  dflt_clz.o(x$fpl$dfltu)
    __aeabi_cdcmpge                          0x000046dd   Thumb Code     0  dgeqf.o(x$fpl$dgeqf)
    _dcmpge                                  0x000046dd   Thumb Code   120  dgeqf.o(x$fpl$dgeqf)
    __aeabi_cdcmple                          0x00004755   Thumb Code     0  dleqf.o(x$fpl$dleqf)
    _dcmple                                  0x00004755   Thumb Code   120  dleqf.o(x$fpl$dleqf)
    __fpl_dcmple_InfNaN                      0x000047b7   Thumb Code     0  dleqf.o(x$fpl$dleqf)
    __aeabi_dmul                             0x000047cd   Thumb Code     0  dmul.o(x$fpl$dmul)
    _dmul                                    0x000047cd   Thumb Code   332  dmul.o(x$fpl$dmul)
    __fpl_dnaninf                            0x00004921   Thumb Code   156  dnaninf.o(x$fpl$dnaninf)
    __fpl_dretinf                            0x000049bd   Thumb Code    12  dretinf.o(x$fpl$dretinf)
    __aeabi_dsub                             0x000049c9   Thumb Code     0  daddsub_clz.o(x$fpl$dsub)
    _dsub                                    0x000049c9   Thumb Code   472  daddsub_clz.o(x$fpl$dsub)
    __aeabi_dcmpeq                           0x00004ba5   Thumb Code     0  dcmp.o(x$fpl$fcmp)
    _deq                                     0x00004ba5   Thumb Code    14  dcmp.o(x$fpl$fcmp)
    _dneq                                    0x00004bb3   Thumb Code    14  dcmp.o(x$fpl$fcmp)
    __aeabi_dcmpgt                           0x00004bc1   Thumb Code     0  dcmp.o(x$fpl$fcmp)
    _dgr                                     0x00004bc1   Thumb Code    14  dcmp.o(x$fpl$fcmp)
    __aeabi_dcmpge                           0x00004bcf   Thumb Code     0  dcmp.o(x$fpl$fcmp)
    _dgeq                                    0x00004bcf   Thumb Code    14  dcmp.o(x$fpl$fcmp)
    __aeabi_dcmple                           0x00004bdd   Thumb Code     0  dcmp.o(x$fpl$fcmp)
    _dleq                                    0x00004bdd   Thumb Code    14  dcmp.o(x$fpl$fcmp)
    __aeabi_dcmplt                           0x00004beb   Thumb Code     0  dcmp.o(x$fpl$fcmp)
    _dls                                     0x00004beb   Thumb Code    14  dcmp.o(x$fpl$fcmp)
    _fp_init                                 0x00004bf9   Thumb Code    26  fpinit.o(x$fpl$fpinit)
    __fplib_config_fpu_vfp                   0x00004c11   Thumb Code     0  fpinit.o(x$fpl$fpinit)
    __fplib_config_pureend_doubles           0x00004c11   Thumb Code     0  fpinit.o(x$fpl$fpinit)
    __fpl_fretinf                            0x00004c13   Thumb Code    10  fretinf.o(x$fpl$fretinf)
    __I$use$fp                               0x00004c1c   Number         0  usenofp.o(x$fpl$usenofp)
    uxTopUsedPriority                        0x00005240   Data           4  tasks.o(.rodata.uxTopUsedPriority)
    Region$$Table$$Base                      0x00005244   Number         0  anon$$obj.o(Region$$Table)
    Region$$Table$$Limit                     0x00005264   Number         0  anon$$obj.o(Region$$Table)
    SystemCoreClock                          0x20000000   Data           4  system_tm4c123.o(.data.SystemCoreClock)
    __libspace_start                         0x20000008   Data          96  libspace.o(.bss)
    __temporary_stack_top$libspace           0x20000068   Data           0  libspace.o(.bss)
    putty_mutex                              0x20000068   Data           4  main.o(.bss.putty_mutex)
    pxCurrentTCB                             0x20000070   Data           4  tasks.o(.bss.pxCurrentTCB)
    queue_LCD                                0x200000e0   Data           4  main.o(.bss.queue_LCD)
    queue_UART                               0x200000e4   Data           4  main.o(.bss.queue_UART)
    sequence_number                          0x200000e8   Data           4  main.o(.bss.sequence_number)



==============================================================================

Memory Map of the image

  Image Entry point : 0x0000030d

  Load Region LR_IROM1 (Base: 0x00000000, Size: 0x00005270, Max: 0x00040000, ABSOLUTE)

    Execution Region ER_IROM1 (Exec base: 0x00000000, Load base: 0x00000000, Size: 0x00005264, Max: 0x00040000, ABSOLUTE)

    Exec Addr    Load Addr    Size         Type   Attr      Idx    E Section Name        Object

    0x00000000   0x00000000   0x0000026c   Data   RO           51    RESET               startup_tm4c123.o
    0x0000026c   0x0000026c   0x00000008   Code   RO         1771  * !!!main             c_w.l(__main.o)
    0x00000274   0x00000274   0x00000034   Code   RO         1979    !!!scatter          c_w.l(__scatter.o)
    0x000002a8   0x000002a8   0x0000001a   Code   RO         1981    !!handler_copy      c_w.l(__scatter_copy.o)
    0x000002c2   0x000002c2   0x00000002   PAD
    0x000002c4   0x000002c4   0x0000001c   Code   RO         1983    !!handler_zi        c_w.l(__scatter_zi.o)
    0x000002e0   0x000002e0   0x00000002   Code   RO         1843    .ARM.Collect$$libinit$$00000000  c_w.l(libinit.o)
    0x000002e2   0x000002e2   0x00000004   Code   RO         1849    .ARM.Collect$$libinit$$00000001  c_w.l(libinit2.o)
    0x000002e6   0x000002e6   0x00000000   Code   RO         1852    .ARM.Collect$$libinit$$00000004  c_w.l(libinit2.o)
    0x000002e6   0x000002e6   0x00000000   Code   RO         1855    .ARM.Collect$$libinit$$0000000A  c_w.l(libinit2.o)
    0x000002e6   0x000002e6   0x00000000   Code   RO         1857    .ARM.Collect$$libinit$$0000000C  c_w.l(libinit2.o)
    0x000002e6   0x000002e6   0x00000000   Code   RO         1859    .ARM.Collect$$libinit$$0000000E  c_w.l(libinit2.o)
    0x000002e6   0x000002e6   0x00000000   Code   RO         1862    .ARM.Collect$$libinit$$00000011  c_w.l(libinit2.o)
    0x000002e6   0x000002e6   0x00000000   Code   RO         1864    .ARM.Collect$$libinit$$00000013  c_w.l(libinit2.o)
    0x000002e6   0x000002e6   0x00000000   Code   RO         1866    .ARM.Collect$$libinit$$00000015  c_w.l(libinit2.o)
    0x000002e6   0x000002e6   0x00000000   Code   RO         1868    .ARM.Collect$$libinit$$00000017  c_w.l(libinit2.o)
    0x000002e6   0x000002e6   0x00000000   Code   RO         1870    .ARM.Collect$$libinit$$00000019  c_w.l(libinit2.o)
    0x000002e6   0x000002e6   0x00000000   Code   RO         1872    .ARM.Collect$$libinit$$0000001B  c_w.l(libinit2.o)
    0x000002e6   0x000002e6   0x00000000   Code   RO         1874    .ARM.Collect$$libinit$$0000001D  c_w.l(libinit2.o)
    0x000002e6   0x000002e6   0x00000000   Code   RO         1876    .ARM.Collect$$libinit$$0000001F  c_w.l(libinit2.o)
    0x000002e6   0x000002e6   0x00000000   Code   RO         1878    .ARM.Collect$$libinit$$00000021  c_w.l(libinit2.o)
    0x000002e6   0x000002e6   0x00000000   Code   RO         1880    .ARM.Collect$$libinit$$00000023  c_w.l(libinit2.o)
    0x000002e6   0x000002e6   0x00000000   Code   RO         1882    .ARM.Collect$$libinit$$00000025  c_w.l(libinit2.o)
    0x000002e6   0x000002e6   0x00000000   Code   RO         1886    .ARM.Collect$$libinit$$0000002C  c_w.l(libinit2.o)
    0x000002e6   0x000002e6   0x00000000   Code   RO         1888    .ARM.Collect$$libinit$$0000002E  c_w.l(libinit2.o)
    0x000002e6   0x000002e6   0x00000000   Code   RO         1890    .ARM.Collect$$libinit$$00000030  c_w.l(libinit2.o)
    0x000002e6   0x000002e6   0x00000000   Code   RO         1892    .ARM.Collect$$libinit$$00000032  c_w.l(libinit2.o)
    0x000002e6   0x000002e6   0x00000002   Code   RO         1893    .ARM.Collect$$libinit$$00000033  c_w.l(libinit2.o)
    0x000002e8   0x000002e8   0x00000002   Code   RO         1915    .ARM.Collect$$libshutdown$$00000000  c_w.l(libshutdown.o)
    0x000002ea   0x000002ea   0x00000000   Code   RO         1930    .ARM.Collect$$libshutdown$$00000002  c_w.l(libshutdown2.o)
    0x000002ea   0x000002ea   0x00000000   Code   RO         1932    .ARM.Collect$$libshutdown$$00000004  c_w.l(libshutdown2.o)
    0x000002ea   0x000002ea   0x00000000   Code   RO         1935    .ARM.Collect$$libshutdown$$00000007  c_w.l(libshutdown2.o)
    0x000002ea   0x000002ea   0x00000000   Code   RO         1938    .ARM.Collect$$libshutdown$$0000000A  c_w.l(libshutdown2.o)
    0x000002ea   0x000002ea   0x00000000   Code   RO         1940    .ARM.Collect$$libshutdown$$0000000C  c_w.l(libshutdown2.o)
    0x000002ea   0x000002ea   0x00000000   Code   RO         1943    .ARM.Collect$$libshutdown$$0000000F  c_w.l(libshutdown2.o)
    0x000002ea   0x000002ea   0x00000002   Code   RO         1944    .ARM.Collect$$libshutdown$$00000010  c_w.l(libshutdown2.o)
    0x000002ec   0x000002ec   0x00000000   Code   RO         1799    .ARM.Collect$$rtentry$$00000000  c_w.l(__rtentry.o)
    0x000002ec   0x000002ec   0x00000000   Code   RO         1818    .ARM.Collect$$rtentry$$00000002  c_w.l(__rtentry2.o)
    0x000002ec   0x000002ec   0x00000006   Code   RO         1830    .ARM.Collect$$rtentry$$00000004  c_w.l(__rtentry4.o)
    0x000002f2   0x000002f2   0x00000000   Code   RO         1820    .ARM.Collect$$rtentry$$00000009  c_w.l(__rtentry2.o)
    0x000002f2   0x000002f2   0x00000004   Code   RO         1821    .ARM.Collect$$rtentry$$0000000A  c_w.l(__rtentry2.o)
    0x000002f6   0x000002f6   0x00000000   Code   RO         1823    .ARM.Collect$$rtentry$$0000000C  c_w.l(__rtentry2.o)
    0x000002f6   0x000002f6   0x00000008   Code   RO         1824    .ARM.Collect$$rtentry$$0000000D  c_w.l(__rtentry2.o)
    0x000002fe   0x000002fe   0x00000002   Code   RO         1847    .ARM.Collect$$rtexit$$00000000  c_w.l(rtexit.o)
    0x00000300   0x00000300   0x00000000   Code   RO         1895    .ARM.Collect$$rtexit$$00000002  c_w.l(rtexit2.o)
    0x00000300   0x00000300   0x00000004   Code   RO         1896    .ARM.Collect$$rtexit$$00000003  c_w.l(rtexit2.o)
    0x00000304   0x00000304   0x00000006   Code   RO         1897    .ARM.Collect$$rtexit$$00000004  c_w.l(rtexit2.o)
    0x0000030a   0x0000030a   0x00000002   PAD
    0x0000030c   0x0000030c   0x00000114   Code   RO           52  * .text               startup_tm4c123.o
    0x00000420   0x00000420   0x0000008a   Code   RO         1765    .text               c_w.l(rt_memcpy_v6.o)
    0x000004aa   0x000004aa   0x00000010   Code   RO         1767    .text               c_w.l(aeabi_memset4.o)
    0x000004ba   0x000004ba   0x00000006   Code   RO         1769    .text               c_w.l(heapauxi.o)
    0x000004c0   0x000004c0   0x00000064   Code   RO         1800    .text               c_w.l(rt_memcpy_w.o)
    0x00000524   0x00000524   0x0000004e   Code   RO         1802    .text               c_w.l(rt_memclr_w.o)
    0x00000572   0x00000572   0x0000004a   Code   RO         1834    .text               c_w.l(sys_stackheap_outer.o)
    0x000005bc   0x000005bc   0x00000012   Code   RO         1836    .text               c_w.l(exit.o)
    0x000005ce   0x000005ce   0x00000002   PAD
    0x000005d0   0x000005d0   0x00000008   Code   RO         1844    .text               c_w.l(libspace.o)
    0x000005d8   0x000005d8   0x0000000c   Code   RO         1905    .text               c_w.l(sys_exit.o)
    0x000005e4   0x000005e4   0x00000002   Code   RO         1920    .text               c_w.l(use_no_semi.o)
    0x000005e6   0x000005e6   0x00000000   Code   RO         1922    .text               c_w.l(indicate_semi.o)
    0x000005e6   0x000005e6   0x00000002   PAD
    0x000005e8   0x000005e8   0x00000166   Code   RO           12    .text.LCD_Task      main.o
    0x0000074e   0x0000074e   0x00000002   PAD
    0x00000750   0x00000750   0x00000064   Code   RO          111    .text.PendSV_Handler  port.o
    0x000007b4   0x000007b4   0x0000000c   PAD
    0x000007c0   0x000007c0   0x00000024   Code   RO           95    .text.SVC_Handler   port.o
    0x000007e4   0x000007e4   0x0000003c   Code   RO          113    .text.SysTick_Handler  port.o
    0x00000820   0x00000820   0x0000010c   Code   RO           63    .text.SystemInit    system_tm4c123.o
    0x0000092c   0x0000092c   0x00000234   Code   RO           10    .text.UART_Task     main.o
    0x00000b60   0x00000b60   0x0000002e   Code   RO           34    .text.acceptable_range  main.o
    0x00000b8e   0x00000b8e   0x00000002   PAD
    0x00000b90   0x00000b90   0x00000290   Code   RO           14    .text.controller_Task  main.o
    0x00000e20   0x00000e20   0x00000106   Code   RO           28    .text.double_to_char_array  main.o
    0x00000f26   0x00000f26   0x00000002   PAD
    0x00000f28   0x00000f28   0x00000080   Code   RO          327    .text.eTaskConfirmSleepModeStatus  tasks.o
    0x00000fa8   0x00000fa8   0x00000072   Code   RO            8    .text.init_ADC      main.o
    0x0000101a   0x0000101a   0x00000002   PAD
    0x0000101c   0x0000101c   0x00000040   Code   RO            4    .text.init_port_E   main.o
    0x0000105c   0x0000105c   0x00000092   Code   RO            6    .text.init_uart_0   main.o
    0x000010ee   0x000010ee   0x00000002   PAD
    0x000010f0   0x000010f0   0x00000032   Code   RO           32    .text.is_numeric    main.o
    0x00001122   0x00001122   0x00000002   PAD
    0x00001124   0x00001124   0x00000096   Code   RO            2    .text.main          main.o
    0x000011ba   0x000011ba   0x00000002   PAD
    0x000011bc   0x000011bc   0x00000122   Code   RO          251    .text.prvAddCurrentTaskToDelayedList  tasks.o
    0x000012de   0x000012de   0x00000002   PAD
    0x000012e0   0x000012e0   0x00000154   Code   RO          239    .text.prvAddNewTaskToReadyList  tasks.o
    0x00001434   0x00001434   0x0000005a   Code   RO          367    .text.prvCheckTasksWaitingTermination  tasks.o
    0x0000148e   0x0000148e   0x00000002   PAD
    0x00001490   0x00001490   0x00000042   Code   RO          188    .text.prvCopyDataFromQueue  queue.o
    0x000014d2   0x000014d2   0x00000002   PAD
    0x000014d4   0x000014d4   0x000000cc   Code   RO          174    .text.prvCopyDataToQueue  queue.o
    0x000015a0   0x000015a0   0x00000018   Code   RO          245    .text.prvDeleteTCB  tasks.o
    0x000015b8   0x000015b8   0x00000026   Code   RO          192    .text.prvGetDisinheritPriorityAfterTimeout  queue.o
    0x000015de   0x000015de   0x00000002   PAD
    0x000015e0   0x000015e0   0x0000007c   Code   RO          369    .text.prvGetExpectedIdleTime  tasks.o
    0x0000165c   0x0000165c   0x0000009a   Code   RO          277    .text.prvIdleTask   tasks.o
    0x000016f6   0x000016f6   0x00000002   PAD
    0x000016f8   0x000016f8   0x0000002c   Code   RO          158    .text.prvInitialiseMutex  queue.o
    0x00001724   0x00001724   0x0000004e   Code   RO          154    .text.prvInitialiseNewQueue  queue.o
    0x00001772   0x00001772   0x00000002   PAD
    0x00001774   0x00001774   0x00000146   Code   RO          237    .text.prvInitialiseNewTask  tasks.o
    0x000018ba   0x000018ba   0x00000002   PAD
    0x000018bc   0x000018bc   0x0000008e   Code   RO          365    .text.prvInitialiseTaskLists  tasks.o
    0x0000194a   0x0000194a   0x00000002   PAD
    0x0000194c   0x0000194c   0x00000028   Code   RO          190    .text.prvIsQueueEmpty  queue.o
    0x00001974   0x00001974   0x0000002e   Code   RO          178    .text.prvIsQueueFull  queue.o
    0x000019a2   0x000019a2   0x00000002   PAD
    0x000019a4   0x000019a4   0x000000d8   Code   RO          176    .text.prvNotifyQueueSetContainer  queue.o
    0x00001a7c   0x00001a7c   0x00000028   Code   RO          103    .text.prvPortStartFirstTask  port.o
    0x00001aa4   0x00001aa4   0x0000003c   Code   RO          243    .text.prvResetNextTaskUnblockTime  tasks.o
    0x00001ae0   0x00001ae0   0x0000004c   Code   RO           93    .text.prvTaskExitError  port.o
    0x00001b2c   0x00001b2c   0x000000cc   Code   RO          180    .text.prvUnlockQueue  queue.o
    0x00001bf8   0x00001bf8   0x000000c0   Code   RO          132    .text.pvPortMalloc  heap_1.o
    0x00001cb8   0x00001cb8   0x0000002c   Code   RO          349    .text.pvTaskIncrementMutexHeldCount  tasks.o
    0x00001ce4   0x00001ce4   0x0000005e   Code   RO           91    .text.pxPortInitialiseStack  port.o
    0x00001d42   0x00001d42   0x00000002   PAD
    0x00001d44   0x00001d44   0x00000066   Code   RO           30    .text.read_ADC      main.o
    0x00001daa   0x00001daa   0x00000002   PAD
    0x00001dac   0x00001dac   0x0000001c   Code   RO           16    .text.set_pin_high  main.o
    0x00001dc8   0x00001dc8   0x0000001c   Code   RO           18    .text.set_pin_low   main.o
    0x00001de4   0x00001de4   0x0000000c   Code   RO           26    .text.turn_alarm_off  main.o
    0x00001df0   0x00001df0   0x0000000c   Code   RO           24    .text.turn_alarm_on  main.o
    0x00001dfc   0x00001dfc   0x0000000c   Code   RO           22    .text.turn_heater_off  main.o
    0x00001e08   0x00001e08   0x0000000c   Code   RO           20    .text.turn_heater_on  main.o
    0x00001e14   0x00001e14   0x00000048   Code   RO           82    .text.uxListRemove  list.o
    0x00001e5c   0x00001e5c   0x0000002e   Code   RO           74    .text.vListInitialise  list.o
    0x00001e8a   0x00001e8a   0x00000002   PAD
    0x00001e8c   0x00001e8c   0x0000000e   Code   RO           76    .text.vListInitialiseItem  list.o
    0x00001e9a   0x00001e9a   0x00000002   PAD
    0x00001e9c   0x00001e9c   0x0000006a   Code   RO           80    .text.vListInsert   list.o
    0x00001f06   0x00001f06   0x00000002   PAD
    0x00001f08   0x00001f08   0x00000014   Code   RO          101    .text.vPortEnableVFP  port.o
    0x00001f1c   0x00001f1c   0x00000056   Code   RO          107    .text.vPortEnterCritical  port.o
    0x00001f72   0x00001f72   0x00000002   PAD
    0x00001f74   0x00001f74   0x0000004a   Code   RO          109    .text.vPortExitCritical  port.o
    0x00001fbe   0x00001fbe   0x00000002   PAD
    0x00001fc0   0x00001fc0   0x00000024   Code   RO          134    .text.vPortFree     heap_1.o
    0x00001fe4   0x00001fe4   0x00000078   Code   RO           99    .text.vPortSetupTimerInterrupt  port.o
    0x0000205c   0x0000205c   0x0000020c   Code   RO          115    .text.vPortSuppressTicksAndSleep  port.o
    0x00002268   0x00002268   0x0000006e   Code   RO          255    .text.vTaskDelay    tasks.o
    0x000022d6   0x000022d6   0x00000002   PAD
    0x000022d8   0x000022d8   0x00000024   Code   RO          317    .text.vTaskInternalSetTimeOutState  tasks.o
    0x000022fc   0x000022fc   0x0000000e   Code   RO          321    .text.vTaskMissedYield  tasks.o
    0x0000230a   0x0000230a   0x00000002   PAD
    0x0000230c   0x0000230c   0x00000042   Code   RO          307    .text.vTaskPlaceOnEventList  tasks.o
    0x0000234e   0x0000234e   0x00000002   PAD
    0x00002350   0x00002350   0x00000182   Code   RO          345    .text.vTaskPriorityDisinheritAfterTimeout  tasks.o
    0x000024d2   0x000024d2   0x00000002   PAD
    0x000024d4   0x000024d4   0x000000aa   Code   RO          275    .text.vTaskStartScheduler  tasks.o
    0x0000257e   0x0000257e   0x00000002   PAD
    0x00002580   0x00002580   0x0000004c   Code   RO          301    .text.vTaskStepTick  tasks.o
    0x000025cc   0x000025cc   0x00000010   Code   RO          249    .text.vTaskSuspendAll  tasks.o
    0x000025dc   0x000025dc   0x000000be   Code   RO          267    .text.vTaskSwitchContext  tasks.o
    0x0000269a   0x0000269a   0x00000002   PAD
    0x0000269c   0x0000269c   0x00000156   Code   RO           97    .text.xPortStartScheduler  port.o
    0x000027f2   0x000027f2   0x00000002   PAD
    0x000027f4   0x000027f4   0x00000026   Code   RO          156    .text.xQueueCreateMutex  queue.o
    0x0000281a   0x0000281a   0x00000002   PAD
    0x0000281c   0x0000281c   0x0000009a   Code   RO          152    .text.xQueueGenericCreate  queue.o
    0x000028b6   0x000028b6   0x00000002   PAD
    0x000028b8   0x000028b8   0x00000108   Code   RO          150    .text.xQueueGenericReset  queue.o
    0x000029c0   0x000029c0   0x00000274   Code   RO          166    .text.xQueueGenericSend  queue.o
    0x00002c34   0x00002c34   0x000001dc   Code   RO          186    .text.xQueueReceive  queue.o
    0x00002e10   0x00002e10   0x0000022c   Code   RO          170    .text.xQueueSemaphoreTake  queue.o
    0x0000303c   0x0000303c   0x000000fc   Code   RO          319    .text.xTaskCheckForTimeOut  tasks.o
    0x00003138   0x00003138   0x00000098   Code   RO          235    .text.xTaskCreate   tasks.o
    0x000031d0   0x000031d0   0x00000038   Code   RO          339    .text.xTaskGetSchedulerState  tasks.o
    0x00003208   0x00003208   0x00000014   Code   RO          283    .text.xTaskGetTickCount  tasks.o
    0x0000321c   0x0000321c   0x00000260   Code   RO          281    .text.xTaskIncrementTick  tasks.o
    0x0000347c   0x0000347c   0x00000138   Code   RO          343    .text.xTaskPriorityDisinherit  tasks.o
    0x000035b4   0x000035b4   0x0000015c   Code   RO          341    .text.xTaskPriorityInherit  tasks.o
    0x00003710   0x00003710   0x00000192   Code   RO          311    .text.xTaskRemoveFromEventList  tasks.o
    0x000038a2   0x000038a2   0x00000002   PAD
    0x000038a4   0x000038a4   0x00000222   Code   RO          253    .text.xTaskResumeAll  tasks.o
    0x00003ac6   0x00003ac6   0x00000012   Code   RO          410    i.ADCHardwareOversampleConfigure  driverlib.lib(adc.o)
    0x00003ad8   0x00003ad8   0x0000000a   Code   RO          411    i.ADCIntClear       driverlib.lib(adc.o)
    0x00003ae2   0x00003ae2   0x00000034   Code   RO          418    i.ADCIntStatus      driverlib.lib(adc.o)
    0x00003b16   0x00003b16   0x0000001a   Code   RO          423    i.ADCProcessorTrigger  driverlib.lib(adc.o)
    0x00003b30   0x00003b30   0x00000060   Code   RO          426    i.ADCSequenceConfigure  driverlib.lib(adc.o)
    0x00003b90   0x00003b90   0x00000024   Code   RO          429    i.ADCSequenceDataGet  driverlib.lib(adc.o)
    0x00003bb4   0x00003bb4   0x00000010   Code   RO          430    i.ADCSequenceDisable  driverlib.lib(adc.o)
    0x00003bc4   0x00003bc4   0x0000000e   Code   RO          431    i.ADCSequenceEnable  driverlib.lib(adc.o)
    0x00003bd2   0x00003bd2   0x0000009a   Code   RO          434    i.ADCSequenceStepConfigure  driverlib.lib(adc.o)
    0x00003c6c   0x00003c6c   0x00000028   Code   RO          684    i.GPIODirModeSet    driverlib.lib(gpio.o)
    0x00003c94   0x00003c94   0x00000170   Code   RO          696    i.GPIOPadConfigSet  driverlib.lib(gpio.o)
    0x00003e04   0x00003e04   0x00000044   Code   RO          697    i.GPIOPinConfigure  driverlib.lib(gpio.o)
    0x00003e48   0x00003e48   0x0000001c   Code   RO          699    i.GPIOPinTypeADC    driverlib.lib(gpio.o)
    0x00003e64   0x00003e64   0x0000001c   Code   RO          708    i.GPIOPinTypeGPIOOutput  driverlib.lib(gpio.o)
    0x00003e80   0x00003e80   0x0000001c   Code   RO          720    i.GPIOPinTypeUART   driverlib.lib(gpio.o)
    0x00003e9c   0x00003e9c   0x00000006   Code   RO          726    i.GPIOPinWrite      driverlib.lib(gpio.o)
    0x00003ea2   0x00003ea2   0x00000002   PAD
    0x00003ea4   0x00003ea4   0x00000154   Code   RO          995    i.SysCtlClockGet    driverlib.lib(sysctl.o)
    0x00003ff8   0x00003ff8   0x00000028   Code   RO         1026    i.SysCtlPeripheralEnable  driverlib.lib(sysctl.o)
    0x00004020   0x00004020   0x0000002c   Code   RO         1030    i.SysCtlPeripheralReady  driverlib.lib(sysctl.o)
    0x0000404c   0x0000404c   0x00000008   Code   RO         1351    i.UARTBusy          driverlib.lib(uart.o)
    0x00004054   0x00004054   0x00000010   Code   RO         1353    i.UARTCharGetNonBlocking  driverlib.lib(uart.o)
    0x00004064   0x00004064   0x0000000c   Code   RO         1354    i.UARTCharPut       driverlib.lib(uart.o)
    0x00004070   0x00004070   0x0000000a   Code   RO         1356    i.UARTCharsAvail    driverlib.lib(uart.o)
    0x0000407a   0x0000407a   0x0000006e   Code   RO         1360    i.UARTConfigSetExpClk  driverlib.lib(uart.o)
    0x000040e8   0x000040e8   0x0000001e   Code   RO         1363    i.UARTDisable       driverlib.lib(uart.o)
    0x00004106   0x00004106   0x00000014   Code   RO         1365    i.UARTEnable        driverlib.lib(uart.o)
    0x0000411a   0x0000411a   0x0000000a   Code   RO         1367    i.UARTFIFODisable   driverlib.lib(uart.o)
    0x00004124   0x00004124   0x0000000a   Code   RO         1368    i.UARTFIFOEnable    driverlib.lib(uart.o)
    0x0000412e   0x0000412e   0x00000002   PAD
    0x00004130   0x00004130   0x00000062   Code   RO         1773    x$fpl$d2f           fz_wm.l(d2f.o)
    0x00004192   0x00004192   0x00000002   PAD
    0x00004194   0x00004194   0x00000150   Code   RO         1775    x$fpl$dadd          fz_wm.l(daddsub_clz.o)
    0x000042e4   0x000042e4   0x00000018   Code   RO         1832    x$fpl$dcmpinf       fz_wm.l(dcmpi.o)
    0x000042fc   0x000042fc   0x000002b4   Code   RO         1784    x$fpl$ddiv          fz_wm.l(ddiv.o)
    0x000045b0   0x000045b0   0x00000078   Code   RO         1804    x$fpl$deqf          fz_wm.l(deqf.o)
    0x00004628   0x00004628   0x0000005e   Code   RO         1787    x$fpl$dfix          fz_wm.l(dfix.o)
    0x00004686   0x00004686   0x0000002e   Code   RO         1792    x$fpl$dflt          fz_wm.l(dflt_clz.o)
    0x000046b4   0x000046b4   0x00000026   Code   RO         1791    x$fpl$dfltu         fz_wm.l(dflt_clz.o)
    0x000046da   0x000046da   0x00000002   PAD
    0x000046dc   0x000046dc   0x00000078   Code   RO         1806    x$fpl$dgeqf         fz_wm.l(dgeqf.o)
    0x00004754   0x00004754   0x00000078   Code   RO         1808    x$fpl$dleqf         fz_wm.l(dleqf.o)
    0x000047cc   0x000047cc   0x00000154   Code   RO         1797    x$fpl$dmul          fz_wm.l(dmul.o)
    0x00004920   0x00004920   0x0000009c   Code   RO         1810    x$fpl$dnaninf       fz_wm.l(dnaninf.o)
    0x000049bc   0x000049bc   0x0000000c   Code   RO         1812    x$fpl$dretinf       fz_wm.l(dretinf.o)
    0x000049c8   0x000049c8   0x000001dc   Code   RO         1777    x$fpl$dsub          fz_wm.l(daddsub_clz.o)
    0x00004ba4   0x00004ba4   0x00000054   Code   RO         1781    x$fpl$fcmp          fz_wm.l(dcmp.o)
    0x00004bf8   0x00004bf8   0x0000001a   Code   RO         1903    x$fpl$fpinit        fz_wm.l(fpinit.o)
    0x00004c12   0x00004c12   0x0000000a   Code   RO         1814    x$fpl$fretinf       fz_wm.l(fretinf.o)
    0x00004c1c   0x00004c1c   0x00000000   Code   RO         1816    x$fpl$usenofp       fz_wm.l(usenofp.o)
    0x00004c1c   0x00004c1c   0x00000228   Data   RO          729    .constdata          driverlib.lib(gpio.o)
    0x00004e44   0x00004e44   0x00000254   Data   RO         1048    .constdata          driverlib.lib(sysctl.o)
    0x00005098   0x00005098   0x000001a3   Data   RO           39    .rodata.str1.1      main.o
    0x0000523b   0x0000523b   0x00000005   Data   RO          387    .rodata.str1.1      tasks.o
    0x00005240   0x00005240   0x00000004   Data   RO          372    .rodata.uxTopUsedPriority  tasks.o
    0x00005244   0x00005244   0x00000020   Data   RO         1978    Region$$Table       anon$$obj.o


    Execution Region RW_IRAM1 (Exec base: 0x20000000, Load base: 0x00005268, Size: 0x00001398, Max: 0x00008000, ABSOLUTE)

    Exec Addr    Load Addr    Size         Type   Attr      Idx    E Section Name        Object

    0x20000000   0x00005268   0x00000004   Data   RW           65    .data.SystemCoreClock  system_tm4c123.o
    0x20000004   0x0000526c   0x00000004   Data   RW          121    .data.uxCriticalNesting  port.o
    0x20000008        -       0x00000060   Zero   RW         1845    .bss                c_w.l(libspace.o)
    0x20000068        -       0x00000004   Zero   RW           38    .bss.putty_mutex    main.o
    0x2000006c        -       0x00000004   Zero   RW          140    .bss.pvPortMalloc.pucAlignedHeap  heap_1.o
    0x20000070        -       0x00000004   Zero   RW          371    .bss.pxCurrentTCB   tasks.o
    0x20000074        -       0x00000004   Zero   RW          382    .bss.pxDelayedTaskList  tasks.o
    0x20000078        -       0x00000004   Zero   RW          383    .bss.pxOverflowDelayedTaskList  tasks.o
    0x2000007c        -       0x00000064   Zero   RW          373    .bss.pxReadyTasksLists  tasks.o
    0x200000e0        -       0x00000004   Zero   RW           41    .bss.queue_LCD      main.o
    0x200000e4        -       0x00000004   Zero   RW           40    .bss.queue_UART     main.o
    0x200000e8        -       0x00000004   Zero   RW           36    .bss.sequence_number  main.o
    0x200000ec        -       0x00001000   Zero   RW          141    .bss.ucHeap         heap_1.o
    0x200010ec        -       0x00000001   Zero   RW          119    .bss.ucMaxSysCallPriority  port.o
    0x200010ed   0x00005270   0x00000003   PAD
    0x200010f0        -       0x00000004   Zero   RW          120    .bss.ulMaxPRIGROUPValue  port.o
    0x200010f4        -       0x00000004   Zero   RW          124    .bss.ulStoppedTimerCompensation  port.o
    0x200010f8        -       0x00000004   Zero   RW          123    .bss.ulTimerCountsForOneTick  port.o
    0x200010fc        -       0x00000004   Zero   RW          378    .bss.uxCurrentNumberOfTasks  tasks.o
    0x20001100        -       0x00000004   Zero   RW          377    .bss.uxDeletedTasksWaitingCleanUp  tasks.o
    0x20001104        -       0x00000004   Zero   RW          380    .bss.uxSchedulerSuspended  tasks.o
    0x20001108        -       0x00000004   Zero   RW          375    .bss.uxTaskNumber   tasks.o
    0x2000110c        -       0x00000004   Zero   RW          374    .bss.uxTopReadyPriority  tasks.o
    0x20001110        -       0x00000014   Zero   RW          392    .bss.xDelayedTaskList1  tasks.o
    0x20001124        -       0x00000014   Zero   RW          393    .bss.xDelayedTaskList2  tasks.o
    0x20001138        -       0x00000004   Zero   RW          388    .bss.xIdleTaskHandle  tasks.o
    0x2000113c        -       0x00000004   Zero   RW          122    .bss.xMaximumPossibleSuppressedTicks  port.o
    0x20001140        -       0x00000004   Zero   RW          142    .bss.xNextFreeByte  heap_1.o
    0x20001144        -       0x00000004   Zero   RW          389    .bss.xNextTaskUnblockTime  tasks.o
    0x20001148        -       0x00000004   Zero   RW          391    .bss.xNumOfOverflows  tasks.o
    0x2000114c        -       0x00000004   Zero   RW          390    .bss.xPendedTicks   tasks.o
    0x20001150        -       0x00000014   Zero   RW          386    .bss.xPendingReadyList  tasks.o
    0x20001164        -       0x00000004   Zero   RW          379    .bss.xSchedulerRunning  tasks.o
    0x20001168        -       0x00000014   Zero   RW          384    .bss.xSuspendedTaskList  tasks.o
    0x2000117c        -       0x00000014   Zero   RW          376    .bss.xTasksWaitingTermination  tasks.o
    0x20001190        -       0x00000004   Zero   RW          381    .bss.xTickCount     tasks.o
    0x20001194        -       0x00000004   Zero   RW          385    .bss.xYieldPending  tasks.o
    0x20001198        -       0x00000000   Zero   RW           50    HEAP                startup_tm4c123.o
    0x20001198        -       0x00000200   Zero   RW           49    STACK               startup_tm4c123.o


==============================================================================

Image component sizes


      Code (inc. data)   RO Data    RW Data    ZI Data      Debug   Object Name

       228          0          0          0       4104       1870   heap_1.o
       238          0          0          0          0       2426   list.o
      2616         40        419          0         16       5343   main.o
      1572         16          0          4         17       4968   port.o
      3052          0          0          0          0      16822   queue.o
       276         24        620          0        512       5576   startup_tm4c123.o
       268          0          0          4          0       6838   system_tm4c123.o
      5482          0          9          0        260      26974   tasks.o

    ----------------------------------------------------------------------
     13810         92       1080          8       4912      70817   Object Totals
         0          0         32          0          0          0   (incl. Generated)
        78         12          0          0          3          0   (incl. Padding)

    ----------------------------------------------------------------------

      Code (inc. data)   RO Data    RW Data    ZI Data      Debug   Library Member Name

         8          0          0          0          0         68   __main.o
         0          0          0          0          0          0   __rtentry.o
        12          0          0          0          0          0   __rtentry2.o
         6          0          0          0          0          0   __rtentry4.o
        52          8          0          0          0          0   __scatter.o
        26          0          0          0          0          0   __scatter_copy.o
        28          0          0          0          0          0   __scatter_zi.o
        16          0          0          0          0         68   aeabi_memset4.o
        18          0          0          0          0         80   exit.o
         6          0          0          0          0        152   heapauxi.o
         0          0          0          0          0          0   indicate_semi.o
         2          0          0          0          0          0   libinit.o
         6          0          0          0          0          0   libinit2.o
         2          0          0          0          0          0   libshutdown.o
         2          0          0          0          0          0   libshutdown2.o
         8          4          0          0         96         68   libspace.o
        78          0          0          0          0         80   rt_memclr_w.o
       138          0          0          0          0         68   rt_memcpy_v6.o
       100          0          0          0          0         80   rt_memcpy_w.o
         2          0          0          0          0          0   rtexit.o
        10          0          0          0          0          0   rtexit2.o
        12          4          0          0          0         68   sys_exit.o
        74          0          0          0          0         80   sys_stackheap_outer.o
         2          0          0          0          0         68   use_no_semi.o
       422          0          0          0          0      10692   adc.o
       566         22        552          0          0       5165   gpio.o
       424         44        596          0          0       3674   sysctl.o
       226          0          0          0          0       5353   uart.o
        98          4          0          0          0        140   d2f.o
       812         16          0          0          0        392   daddsub_clz.o
        84          0          0          0          0        244   dcmp.o
        24          0          0          0          0        116   dcmpi.o
       692        140          0          0          0        264   ddiv.o
       120          4          0          0          0        140   deqf.o
        94          4          0          0          0        140   dfix.o
        84          0          0          0          0        232   dflt_clz.o
       120          4          0          0          0        140   dgeqf.o
       120          4          0          0          0        140   dleqf.o
       340         12          0          0          0        152   dmul.o
       156          4          0          0          0        140   dnaninf.o
        12          0          0          0          0        116   dretinf.o
        26          0          0          0          0        116   fpinit.o
        10          0          0          0          0        116   fretinf.o
         0          0          0          0          0          0   usenofp.o

    ----------------------------------------------------------------------
      5054        274       1148          0         96      28352   Library Totals
        16          0          0          0          0          0   (incl. Padding)

    ----------------------------------------------------------------------

      Code (inc. data)   RO Data    RW Data    ZI Data      Debug   Library Name

       608         16          0          0         96        880   c_w.l
      1638         66       1148          0          0      24884   driverlib.lib
      2792        192          0          0          0       2588   fz_wm.l

    ----------------------------------------------------------------------
      5054        274       1148          0         96      28352   Library Totals

    ----------------------------------------------------------------------

==============================================================================


      Code (inc. data)   RO Data    RW Data    ZI Data      Debug   

     18864        366       2228          8       5008      94785   Grand Totals
     18864        366       2228          8       5008      94785   ELF Image Totals
     18864        366       2228          8          0          0   ROM Totals

==============================================================================

    Total RO  Size (Code + RO Data)                21092 (  20.60kB)
    Total RW  Size (RW Data + ZI Data)              5016 (   4.90kB)
    Total ROM Size (Code + RO Data + RW Data)      21100 (  20.61kB)

==============================================================================

